Archive member included because of file (symbol)

C:\Users\kbahar\Documents\LPCXpresso_7.8.0_426\workspace\lpc_board_lpcxpresso_54102\Debug\liblpc_board_lpcxpresso_54102.a(board.o)
                              ./example/src/blinky.o (Board_LED_Set)
C:\Users\kbahar\Documents\LPCXpresso_7.8.0_426\workspace\lpc_board_lpcxpresso_54102\Debug\liblpc_board_lpcxpresso_54102.a(board_sysinit.o)
                              ./example/src/sysinit.o (Board_SystemInit)
C:\Users\kbahar\Documents\LPCXpresso_7.8.0_426\workspace\lpc_chip_5410x\Debug\liblpc_chip_5410x.a(chip_5410x.o)
                              ./example/src/blinky.o (SystemCoreClockUpdate)
C:\Users\kbahar\Documents\LPCXpresso_7.8.0_426\workspace\lpc_chip_5410x\Debug\liblpc_chip_5410x.a(clock_5410x.o)
                              C:\Users\kbahar\Documents\LPCXpresso_7.8.0_426\workspace\lpc_board_lpcxpresso_54102\Debug\liblpc_board_lpcxpresso_54102.a(board_sysinit.o) (Chip_Clock_SetCLKOUTSource)
C:\Users\kbahar\Documents\LPCXpresso_7.8.0_426\workspace\lpc_chip_5410x\Debug\liblpc_chip_5410x.a(fpu_init.o)
                              ./example/src/sysinit.o (fpuInit)
C:\Users\kbahar\Documents\LPCXpresso_7.8.0_426\workspace\lpc_chip_5410x\Debug\liblpc_chip_5410x.a(gpio_5410x.o)
                              C:\Users\kbahar\Documents\LPCXpresso_7.8.0_426\workspace\lpc_board_lpcxpresso_54102\Debug\liblpc_board_lpcxpresso_54102.a(board.o) (Chip_GPIO_Init)
C:\Users\kbahar\Documents\LPCXpresso_7.8.0_426\workspace\lpc_chip_5410x\Debug\liblpc_chip_5410x.a(iocon_5410x.o)
                              C:\Users\kbahar\Documents\LPCXpresso_7.8.0_426\workspace\lpc_board_lpcxpresso_54102\Debug\liblpc_board_lpcxpresso_54102.a(board_sysinit.o) (Chip_IOCON_SetPinMuxing)
C:\Users\kbahar\Documents\LPCXpresso_7.8.0_426\workspace\lpc_chip_5410x\Debug\liblpc_chip_5410x.a(pll_5410x.o)
                              C:\Users\kbahar\Documents\LPCXpresso_7.8.0_426\workspace\lpc_chip_5410x\Debug\liblpc_chip_5410x.a(clock_5410x.o) (Chip_Clock_GetSystemPLLInClockRate)
C:\Users\kbahar\Documents\LPCXpresso_7.8.0_426\workspace\lpc_chip_5410x\Debug\liblpc_chip_5410x.a(romapi_adc.o)
                              ./example/src/blinky.o (ROM_ADC_GetMemSize)
C:\Users\kbahar\Documents\LPCXpresso_7.8.0_426\workspace\lpc_chip_5410x\Debug\liblpc_chip_5410x.a(romapi_i2cm.o)
                              ./example/src/blinky.o (ROM_I2CM_GetMemSize)
C:\Users\kbahar\Documents\LPCXpresso_7.8.0_426\workspace\lpc_chip_5410x\Debug\liblpc_chip_5410x.a(romapi_uart.o)
                              C:\Users\kbahar\Documents\LPCXpresso_7.8.0_426\workspace\lpc_board_lpcxpresso_54102\Debug\liblpc_board_lpcxpresso_54102.a(board.o) (ROM_UART_GetMemSize)
C:\Users\kbahar\Documents\LPCXpresso_7.8.0_426\workspace\lpc_chip_5410x\Debug\liblpc_chip_5410x.a(syscon_5410x.o)
                              ./example/src/blinky.o (Chip_SYSCON_PeriphReset)
C:\Users\kbahar\Documents\LPCXpresso_7.8.0_426\workspace\lpc_chip_5410x\Debug\liblpc_chip_5410x.a(sysinit_5410x.o)
                              C:\Users\kbahar\Documents\LPCXpresso_7.8.0_426\workspace\lpc_board_lpcxpresso_54102\Debug\liblpc_board_lpcxpresso_54102.a(board_sysinit.o) (Chip_SetupIrcClocking)
C:\Users\kbahar\Documents\LPCXpresso_7.8.0_426\workspace\lpc_chip_5410x\Debug\liblpc_chip_5410x.a(hw_adc.o)
                              C:\Users\kbahar\Documents\LPCXpresso_7.8.0_426\workspace\lpc_chip_5410x\Debug\liblpc_chip_5410x.a(romapi_adc.o) (adcrom_api)
C:\Users\kbahar\Documents\LPCXpresso_7.8.0_426\workspace\lpc_chip_5410x\Debug\liblpc_chip_5410x.a(hw_i2cmd_rom_api.o)
                              C:\Users\kbahar\Documents\LPCXpresso_7.8.0_426\workspace\lpc_chip_5410x\Debug\liblpc_chip_5410x.a(romapi_i2cm.o) (i2cm_api)
C:\Users\kbahar\Documents\LPCXpresso_7.8.0_426\workspace\lpc_chip_5410x\Debug\liblpc_chip_5410x.a(hw_uart.o)
                              C:\Users\kbahar\Documents\LPCXpresso_7.8.0_426\workspace\lpc_chip_5410x\Debug\liblpc_chip_5410x.a(romapi_uart.o) (uartrom_api)
C:\Users\kbahar\Documents\LPCXpresso_7.8.0_426\workspace\lpc_chip_5410x\Debug\liblpc_chip_5410x.a(hw_i2cmd.o)
                              C:\Users\kbahar\Documents\LPCXpresso_7.8.0_426\workspace\lpc_chip_5410x\Debug\liblpc_chip_5410x.a(hw_i2cmd_rom_api.o) (i2cm_get_mem_size)
C:\Users\kbahar\Documents\LPCXpresso_7.8.0_426\workspace\lpc_chip_5410x\libs\libpower.a(power_library.o)
                              C:\Users\kbahar\Documents\LPCXpresso_7.8.0_426\workspace\lpc_chip_5410x\Debug\liblpc_chip_5410x.a(pll_5410x.o) (Chip_POWER_SetVoltage)
c:/nxp/lpcxpresso_7.8.0_426/lpcxpresso/tools/bin/../lib/gcc/arm-none-eabi/4.9.3/../../../../arm-none-eabi/lib/armv7e-m/softfp\libcr_nohost.a(_cr__main.o)
                              ./example/src/cr_startup_lpc5410x.o (__main)
c:/nxp/lpcxpresso_7.8.0_426/lpcxpresso/tools/bin/../lib/gcc/arm-none-eabi/4.9.3/../../../../arm-none-eabi/lib/armv7e-m/softfp\libcr_c.a(memcpy.o)
[...]
Memory Configuration

Name             Origin             Length             Attributes
MFlash512        0x00000000         0x00080000         xr
Ram0_64          0x02000000         0x00010000         xrw
Ram1_32          0x02010000         0x00008000         xrw
Ram2_8           0x03400000         0x00002000         xrw
*default*        0x00000000         0xffffffff

Linker script and memory map

LOAD ./example/src/blinky.o
LOAD ./example/src/cr_startup_lpc5410x.o
LOAD ./example/src/crp.o
LOAD ./example/src/sysinit.o
LOAD C:\Users\kbahar\Documents\LPCXpresso_7.8.0_426\workspace\lpc_board_lpcxpresso_54102\Debug\liblpc_board_lpcxpresso_54102.a
LOAD C:\Users\kbahar\Documents\LPCXpresso_7.8.0_426\workspace\lpc_chip_5410x\Debug\liblpc_chip_5410x.a
LOAD C:\Users\kbahar\Documents\LPCXpresso_7.8.0_426\workspace\lpc_chip_5410x\libs\libpower.a
START GROUP
LOAD c:/nxp/lpcxpresso_7.8.0_426/lpcxpresso/tools/bin/../lib/gcc/arm-none-eabi/4.9.3/../../../../arm-none-eabi/lib/armv7e-m/softfp\libcr_nohost.a
LOAD c:/nxp/lpcxpresso_7.8.0_426/lpcxpresso/tools/bin/../lib/gcc/arm-none-eabi/4.9.3/../../../../arm-none-eabi/lib/armv7e-m/softfp\libcr_c.a
LOAD c:/nxp/lpcxpresso_7.8.0_426/lpcxpresso/tools/bin/../lib/gcc/arm-none-eabi/4.9.3/armv7e-m/softfp\libcr_eabihelpers.a
END GROUP
                0x00080000                __top_MFlash512 = 0x80000
                0x02010000                __top_Ram0_64 = 0x2010000
                0x02018000                __top_Ram1_32 = 0x2018000
                0x03402000                __top_Ram2_8 = 0x3402000

.text           0x00000000     0x8038
 FILL mask 0xff
                0x00000000                __vectors_start__ = ABSOLUTE (.)
 *(.isr_vector)
 .isr_vector    0x00000000       0xf4 ./example/src/cr_startup_lpc5410x.o
                0x00000000                g_pfnVectors
                0x000000f4                . = ALIGN (0x4)
                0x000000f4                __section_table_start = .
                0x000000f4                __data_section_table = .
                0x000000f4        0x4 LONG 0x8038 LOADADDR (.data)
                0x000000f8        0x4 LONG 0x2000000 ADDR (.data)
                0x000000fc        0x4 LONG 0x0 SIZEOF (.data)
                0x00000100        0x4 LONG 0x8038 LOADADDR (.data_RAM2)
                0x00000104        0x4 LONG 0x2010000 ADDR (.data_RAM2)
                0x00000108        0x4 LONG 0x0 SIZEOF (.data_RAM2)
                0x0000010c        0x4 LONG 0x8038 LOADADDR (.data_RAM3)
                0x00000110        0x4 LONG 0x3400000 ADDR (.data_RAM3)
                0x00000114        0x4 LONG 0x0 SIZEOF (.data_RAM3)
                0x00000118                __data_section_table_end = .
                0x00000118                __bss_section_table = .
                0x00000118        0x4 LONG 0x2000000 ADDR (.bss)
                0x0000011c        0x4 LONG 0x3b8 SIZEOF (.bss)
                0x00000120        0x4 LONG 0x2010000 ADDR (.bss_RAM2)
                0x00000124        0x4 LONG 0x0 SIZEOF (.bss_RAM2)
                0x00000128        0x4 LONG 0x3400000 ADDR (.bss_RAM3)
                0x0000012c        0x4 LONG 0x0 SIZEOF (.bss_RAM3)
                0x00000130                __bss_section_table_end = .
                0x00000130                __section_table_end = .
 *(.after_vectors*)
 .after_vectors
                0x00000130       0xac ./example/src/cr_startup_lpc5410x.o
                0x00000130                data_init
                0x00000174                bss_init
                0x000001ac                NMI_Handler
                0x000001b4                HardFault_Handler
                0x000001bc                SVC_Handler
                0x000001c4                PendSV_Handler
                0x000001d4                MRT_IRQHandler
                0x000001d4                I2C1_IRQHandler
                0x000001d4                UART1_IRQHandler
                0x000001d4                ADC_SEQB_IRQHandler
                0x000001d4                UART0_IRQHandler
                0x000001d4                RIT_IRQHandler
                0x000001d4                Reserved42_IRQHandler
                0x000001d4                SPI1_IRQHandler
                0x000001d4                CT32B2_IRQHandler
                0x000001d4                PIN_INT6_IRQHandler
                0x000001d4                IntDefaultHandler
                0x000001d4                PIN_INT4_IRQHandler
                0x000001d4                I2C2_IRQHandler
                0x000001d4                Reserved43_IRQHandler
                0x000001d4                RTC_IRQHandler
                0x000001d4                CT32B3_IRQHandler
                0x000001d4                I2C0_IRQHandler
                0x000001d4                UART2_IRQHandler
                0x000001d4                CT32B1_IRQHandler
                0x000001d4                PIN_INT5_IRQHandler
                0x000001d4                PIN_INT2_IRQHandler
                0x000001d4                PIN_INT7_IRQHandler
                0x000001d4                ADC_THCMP_IRQHandler
                0x000001d4                PIN_INT1_IRQHandler
                0x000001d4                BOD_IRQHandler
                0x000001d4                CT32B4_IRQHandler
                0x000001d4                SPI2_IRQHandler
                0x000001d4                Reserved41_IRQHandler
                0x000001d4                MAILBOX_IRQHandler
                0x000001d4                WDT_IRQHandler
                0x000001d4                SCT0_IRQHandler
                0x000001d4                ADC_SEQA_IRQHandler
                0x000001d4                PIN_INT0_IRQHandler
                0x000001d4                UTICK_IRQHandler
                0x000001d4                CT32B0_IRQHandler
                0x000001d4                GINT0_IRQHandler
                0x000001d4                SPI0_IRQHandler
                0x000001d4                Reserved_IRQHandler
                0x000001d4                Reserved44_IRQHandler
                0x000001d4                DMA_IRQHandler
                0x000001d4                PIN_INT3_IRQHandler
                0x000001d4                SPI3_IRQHandler
                0x000001d4                UART3_IRQHandler
                0x000001d4                GINT1_IRQHandler
 .after_vectors.reset
                0x000001dc       0x8c ./example/src/cr_startup_lpc5410x.o
                0x000001dc                ResetISR
                0x000002fc                . = 0x2fc
 *fill*         0x00000268       0x94 ff
                0x000002fc                PROVIDE (__CRP_WORD_START__, .)
 *(.crp)
 .crp           0x000002fc        0x4 ./example/src/crp.o
                0x000002fc                CRP_WORD
                0x00000300                PROVIDE (__CRP_WORD_END__, .)
                0x00000001                ASSERT (! ((__CRP_WORD_START__ == __CRP_WORD_END__)), Linker CRP Enabled, but no CRP_WORD provided within application)
 *(.text*)
 .text.NVIC_SetPriority
                0x00000300       0x54 ./example/src/blinky.o
 .text.SysTick_Config
                0x00000354       0x44 ./example/src/blinky.o
 .text.Chip_Clock_SetADCClockDiv
                0x00000398       0x1c ./example/src/blinky.o
 .text.Chip_Clock_SetADCClockSource
                0x000003b4       0x20 ./example/src/blinky.o
 .text.Chip_IOCON_PinMuxSet
                0x000003d4       0x2c ./example/src/blinky.o
 .text.Chip_GPIO_ReadPortBit
                0x00000400       0x34 ./example/src/blinky.o
 .text.main     0x00000434      0xa98 ./example/src/blinky.o
                0x00000434                main
 .text.Delay    0x00000ecc       0x30 ./example/src/blinky.o
 .text.adcrom_regcb
                0x00000efc       0x48 ./example/src/blinky.o
 .text.adcrom_startstop
                0x00000f44       0x38 ./example/src/blinky.o
 .text.ADC_PinMuxSetup
                0x00000f7c       0x6c ./example/src/blinky.o
 .text.adcrom_init
                0x00000fe8       0x60 ./example/src/blinky.o
 .text.adcrom_config
                0x00001048       0x98 ./example/src/blinky.o
 .text.ADC_init
                0x000010e0       0x24 ./example/src/blinky.o
 .text.I2C_init
                0x00001104       0xb4 ./example/src/blinky.o
 .text.I2C_init_ALSPROX
                0x000011b8      0x11c ./example/src/blinky.o
 .text.I2C_init_PRESSURE
                0x000012d4      0x11c ./example/src/blinky.o
 .text.I2C_init_COLOR
                0x000013f0      0x174 ./example/src/blinky.o
 .text.I2C_init_KX122
                0x00001564      0x1c8 ./example/src/blinky.o
 .text.I2C_init_KMX62
                0x0000172c       0x70 ./example/src/blinky.o
 .text.Init_I2C_PinMux
                0x0000179c       0x24 ./example/src/blinky.o
 .text.errorOut
                0x000017c0       0x14 ./example/src/blinky.o
 .text.BlinkyInit
                0x000017d4       0x28 ./example/src/blinky.o
 .text.BlinkyLoop
                0x000017fc       0xb4 ./example/src/blinky.o
 .text.HallInit
                0x000018b0       0x24 ./example/src/blinky.o
 .text.SysTick_Handler
                0x000018d4       0x1c ./example/src/blinky.o
                0x000018d4                SysTick_Handler
 .text.SystemInit
                0x000018f0       0x1c ./example/src/sysinit.o
                0x000018f0                SystemInit
 .text.Chip_SYSCON_SetUSARTFRGCtrl
                0x0000190c       0x2c C:\Users\kbahar\Documents\LPCXpresso_7.8.0_426\workspace\lpc_board_lpcxpresso_54102\Debug\liblpc_board_lpcxpresso_54102.a(board.o)
 .text.Chip_GPIO_SetPinState
                0x00001938       0x38 C:\Users\kbahar\Documents\LPCXpresso_7.8.0_426\workspace\lpc_board_lpcxpresso_54102\Debug\liblpc_board_lpcxpresso_54102.a(board.o)
 .text.Chip_GPIO_SetPinDIROutput
                0x00001970       0x3c C:\Users\kbahar\Documents\LPCXpresso_7.8.0_426\workspace\lpc_board_lpcxpresso_54102\Debug\liblpc_board_lpcxpresso_54102.a(board.o)
 .text.Chip_GPIO_SetPinToggle
                0x000019ac       0x30 C:\Users\kbahar\Documents\LPCXpresso_7.8.0_426\workspace\lpc_board_lpcxpresso_54102\Debug\liblpc_board_lpcxpresso_54102.a(board.o)
 .text.__sys_write
                0x000019dc       0x38 C:\Users\kbahar\Documents\LPCXpresso_7.8.0_426\workspace\lpc_board_lpcxpresso_54102\Debug\liblpc_board_lpcxpresso_54102.a(board.o)
                0x000019dc                __sys_write
 .text.Board_LED_Init
                0x00001a14       0x4c C:\Users\kbahar\Documents\LPCXpresso_7.8.0_426\workspace\lpc_board_lpcxpresso_54102\Debug\liblpc_board_lpcxpresso_54102.a(board.o)
 .text.Board_UART_Done
                0x00001a60       0x28 C:\Users\kbahar\Documents\LPCXpresso_7.8.0_426\workspace\lpc_board_lpcxpresso_54102\Debug\liblpc_board_lpcxpresso_54102.a(board.o)
 .text.Board_UART_Init
                0x00001a88       0xac C:\Users\kbahar\Documents\LPCXpresso_7.8.0_426\workspace\lpc_board_lpcxpresso_54102\Debug\liblpc_board_lpcxpresso_54102.a(board.o)
 .text.Board_LED_Set
                0x00001b34       0x38 C:\Users\kbahar\Documents\LPCXpresso_7.8.0_426\workspace\lpc_board_lpcxpresso_54102\Debug\liblpc_board_lpcxpresso_54102.a(board.o)
                0x00001b34                Board_LED_Set
 .text.Board_LED_Toggle
                0x00001b6c       0x2c C:\Users\kbahar\Documents\LPCXpresso_7.8.0_426\workspace\lpc_board_lpcxpresso_54102\Debug\liblpc_board_lpcxpresso_54102.a(board.o)
                0x00001b6c                Board_LED_Toggle
 .text.Board_UARTPutChar
                0x00001b98       0x38 C:\Users\kbahar\Documents\LPCXpresso_7.8.0_426\workspace\lpc_board_lpcxpresso_54102\Debug\liblpc_board_lpcxpresso_54102.a(board.o)
                0x00001b98                Board_UARTPutChar
 .text.Board_UARTPutSTR
                0x00001bd0       0x34 C:\Users\kbahar\Documents\LPCXpresso_7.8.0_426\workspace\lpc_board_lpcxpresso_54102\Debug\liblpc_board_lpcxpresso_54102.a(board.o)
                0x00001bd0                Board_UARTPutSTR
 .text.Board_Debug_Init
                0x00001c04        0xc C:\Users\kbahar\Documents\LPCXpresso_7.8.0_426\workspace\lpc_board_lpcxpresso_54102\Debug\liblpc_board_lpcxpresso_54102.a(board.o)
                0x00001c04                Board_Debug_Init
 .text.Board_Init
                0x00001c10       0x24 C:\Users\kbahar\Documents\LPCXpresso_7.8.0_426\workspace\lpc_board_lpcxpresso_54102\Debug\liblpc_board_lpcxpresso_54102.a(board.o)
                0x00001c10                Board_Init
 .text.Chip_GPIO_SetPinState
                0x00001c34       0x38 C:\Users\kbahar\Documents\LPCXpresso_7.8.0_426\workspace\lpc_board_lpcxpresso_54102\Debug\liblpc_board_lpcxpresso_54102.a(board_sysinit.o)
 .text.Chip_GPIO_GetPinState
                0x00001c6c       0x38 C:\Users\kbahar\Documents\LPCXpresso_7.8.0_426\workspace\lpc_board_lpcxpresso_54102\Debug\liblpc_board_lpcxpresso_54102.a(board_sysinit.o)
 .text.Chip_GPIO_SetPinDIROutput
                0x00001ca4       0x3c C:\Users\kbahar\Documents\LPCXpresso_7.8.0_426\workspace\lpc_board_lpcxpresso_54102\Debug\liblpc_board_lpcxpresso_54102.a(board_sysinit.o)
 .text.Chip_GPIO_SetPinDIRInput
                0x00001ce0       0x40 C:\Users\kbahar\Documents\LPCXpresso_7.8.0_426\workspace\lpc_board_lpcxpresso_54102\Debug\liblpc_board_lpcxpresso_54102.a(board_sysinit.o)
 .text.ConfigureBridgeSSEL
                0x00001d20       0x7c C:\Users\kbahar\Documents\LPCXpresso_7.8.0_426\workspace\lpc_board_lpcxpresso_54102\Debug\liblpc_board_lpcxpresso_54102.a(board_sysinit.o)
 .text.Board_SetupMuxing
                0x00001d9c       0x24 C:\Users\kbahar\Documents\LPCXpresso_7.8.0_426\workspace\lpc_board_lpcxpresso_54102\Debug\liblpc_board_lpcxpresso_54102.a(board_sysinit.o)
                0x00001d9c                Board_SetupMuxing
 .text.Board_SetupClocking
                0x00001dc0       0x20 C:\Users\kbahar\Documents\LPCXpresso_7.8.0_426\workspace\lpc_board_lpcxpresso_54102\Debug\liblpc_board_lpcxpresso_54102.a(board_sysinit.o)
                0x00001dc0                Board_SetupClocking
 .text.Board_SystemInit
                0x00001de0       0x10 C:\Users\kbahar\Documents\LPCXpresso_7.8.0_426\workspace\lpc_board_lpcxpresso_54102\Debug\liblpc_board_lpcxpresso_54102.a(board_sysinit.o)
                0x00001de0                Board_SystemInit
 .text.SystemCoreClockUpdate
                0x00001df0       0x14 C:\Users\kbahar\Documents\LPCXpresso_7.8.0_426\workspace\lpc_chip_5410x\Debug\liblpc_chip_5410x.a(chip_5410x.o)
                0x00001df0                SystemCoreClockUpdate
 .text.Chip_Clock_GetIntOscRate
                0x00001e04       0x14 C:\Users\kbahar\Documents\LPCXpresso_7.8.0_426\workspace\lpc_chip_5410x\Debug\liblpc_chip_5410x.a(clock_5410x.o)
 .text.Chip_Clock_GetExtClockInRate
                0x00001e18       0x18 C:\Users\kbahar\Documents\LPCXpresso_7.8.0_426\workspace\lpc_chip_5410x\Debug\liblpc_chip_5410x.a(clock_5410x.o)
 .text.Chip_Clock_GetRTCOscRate
                0x00001e30       0x14 C:\Users\kbahar\Documents\LPCXpresso_7.8.0_426\workspace\lpc_chip_5410x\Debug\liblpc_chip_5410x.a(clock_5410x.o)
 .text.Chip_Clock_GetWDTOSCRate
                0x00001e44       0x14 C:\Users\kbahar\Documents\LPCXpresso_7.8.0_426\workspace\lpc_chip_5410x\Debug\liblpc_chip_5410x.a(clock_5410x.o)
 .text.Chip_Clock_SetMain_A_ClockSource
                0x00001e58       0x20 C:\Users\kbahar\Documents\LPCXpresso_7.8.0_426\workspace\lpc_chip_5410x\Debug\liblpc_chip_5410x.a(clock_5410x.o)
 .text.Chip_Clock_GetMain_A_ClockSource
                0x00001e78       0x18 C:\Users\kbahar\Documents\LPCXpresso_7.8.0_426\workspace\lpc_chip_5410x\Debug\liblpc_chip_5410x.a(clock_5410x.o)
 .text.Chip_Clock_SetMain_B_ClockSource
                0x00001e90       0x20 C:\Users\kbahar\Documents\LPCXpresso_7.8.0_426\workspace\lpc_chip_5410x\Debug\liblpc_chip_5410x.a(clock_5410x.o)
 .text.Chip_Clock_GetMain_B_ClockSource
                0x00001eb0       0x18 C:\Users\kbahar\Documents\LPCXpresso_7.8.0_426\workspace\lpc_chip_5410x\Debug\liblpc_chip_5410x.a(clock_5410x.o)
 .text.Chip_Clock_GetAsyncSyscon_ClockRate_NoDiv
                0x00001ec8       0x74 C:\Users\kbahar\Documents\LPCXpresso_7.8.0_426\workspace\lpc_chip_5410x\Debug\liblpc_chip_5410x.a(clock_5410x.o)
 .text.Chip_Clock_GetMain_A_ClockRate
                0x00001f3c       0x44 C:\Users\kbahar\Documents\LPCXpresso_7.8.0_426\workspace\lpc_chip_5410x\Debug\liblpc_chip_5410x.a(clock_5410x.o)
                0x00001f3c                Chip_Clock_GetMain_A_ClockRate
 .text.Chip_Clock_GetMain_B_ClockRate
                0x00001f80       0x58 C:\Users\kbahar\Documents\LPCXpresso_7.8.0_426\workspace\lpc_chip_5410x\Debug\liblpc_chip_5410x.a(clock_5410x.o)
                0x00001f80                Chip_Clock_GetMain_B_ClockRate
 .text.Chip_Clock_SetCLKOUTSource
                0x00001fd8       0x4c C:\Users\kbahar\Documents\LPCXpresso_7.8.0_426\workspace\lpc_chip_5410x\Debug\liblpc_chip_5410x.a(clock_5410x.o)
                0x00001fd8                Chip_Clock_SetCLKOUTSource
 .text.Chip_Clock_EnablePeriphClock
                0x00002024       0x60 C:\Users\kbahar\Documents\LPCXpresso_7.8.0_426\workspace\lpc_chip_5410x\Debug\liblpc_chip_5410x.a(clock_5410x.o)
                0x00002024                Chip_Clock_EnablePeriphClock
 .text.Chip_Clock_SetAsyncSysconClockSource
                0x00002084       0x38 C:\Users\kbahar\Documents\LPCXpresso_7.8.0_426\workspace\lpc_chip_5410x\Debug\liblpc_chip_5410x.a(clock_5410x.o)
                0x00002084                Chip_Clock_SetAsyncSysconClockSource
 .text.Chip_Clock_GetAsyncSysconClockSource
                0x000020bc       0x34 C:\Users\kbahar\Documents\LPCXpresso_7.8.0_426\workspace\lpc_chip_5410x\Debug\liblpc_chip_5410x.a(clock_5410x.o)
                0x000020bc                Chip_Clock_GetAsyncSysconClockSource
 .text.Chip_Clock_GetAsyncSyscon_ClockRate
                0x000020f0       0x30 C:\Users\kbahar\Documents\LPCXpresso_7.8.0_426\workspace\lpc_chip_5410x\Debug\liblpc_chip_5410x.a(clock_5410x.o)
                0x000020f0                Chip_Clock_GetAsyncSyscon_ClockRate
 .text.Chip_Clock_SetMainClockSource
                0x00002120       0x3c C:\Users\kbahar\Documents\LPCXpresso_7.8.0_426\workspace\lpc_chip_5410x\Debug\liblpc_chip_5410x.a(clock_5410x.o)
                0x00002120                Chip_Clock_SetMainClockSource
 .text.Chip_Clock_GetMainClockRate
                0x0000215c       0x28 C:\Users\kbahar\Documents\LPCXpresso_7.8.0_426\workspace\lpc_chip_5410x\Debug\liblpc_chip_5410x.a(clock_5410x.o)
                0x0000215c                Chip_Clock_GetMainClockRate
 .text.Chip_Clock_GetSystemClockRate
                0x00002184       0x1c C:\Users\kbahar\Documents\LPCXpresso_7.8.0_426\workspace\lpc_chip_5410x\Debug\liblpc_chip_5410x.a(clock_5410x.o)
                0x00002184                Chip_Clock_GetSystemClockRate
 .text.fpuInit  0x000021a0       0x74 C:\Users\kbahar\Documents\LPCXpresso_7.8.0_426\workspace\lpc_chip_5410x\Debug\liblpc_chip_5410x.a(fpu_init.o)
                0x000021a0                fpuInit
 .text.Chip_GPIO_Init
                0x00002214       0x28 C:\Users\kbahar\Documents\LPCXpresso_7.8.0_426\workspace\lpc_chip_5410x\Debug\liblpc_chip_5410x.a(gpio_5410x.o)
                0x00002214                Chip_GPIO_Init
 .text.Chip_IOCON_PinMuxSet
                0x0000223c       0x2c C:\Users\kbahar\Documents\LPCXpresso_7.8.0_426\workspace\lpc_chip_5410x\Debug\liblpc_chip_5410x.a(iocon_5410x.o)
 .text.Chip_IOCON_SetPinMuxing
                0x00002268       0x4c C:\Users\kbahar\Documents\LPCXpresso_7.8.0_426\workspace\lpc_chip_5410x\Debug\liblpc_chip_5410x.a(iocon_5410x.o)
                0x00002268                Chip_IOCON_SetPinMuxing
 .text.Chip_SYSCON_PowerDown
                0x000022b4       0x1c C:\Users\kbahar\Documents\LPCXpresso_7.8.0_426\workspace\lpc_chip_5410x\Debug\liblpc_chip_5410x.a(pll_5410x.o)
 .text.Chip_Clock_IsSystemPLLLocked
                0x000022d0       0x24 C:\Users\kbahar\Documents\LPCXpresso_7.8.0_426\workspace\lpc_chip_5410x\Debug\liblpc_chip_5410x.a(pll_5410x.o)
 .text.Chip_Clock_GetIntOscRate
                0x000022f4       0x14 C:\Users\kbahar\Documents\LPCXpresso_7.8.0_426\workspace\lpc_chip_5410x\Debug\liblpc_chip_5410x.a(pll_5410x.o)
 .text.Chip_Clock_GetExtClockInRate
                0x00002308       0x18 C:\Users\kbahar\Documents\LPCXpresso_7.8.0_426\workspace\lpc_chip_5410x\Debug\liblpc_chip_5410x.a(pll_5410x.o)
 .text.Chip_Clock_GetRTCOscRate
                0x00002320       0x14 C:\Users\kbahar\Documents\LPCXpresso_7.8.0_426\workspace\lpc_chip_5410x\Debug\liblpc_chip_5410x.a(pll_5410x.o)
 .text.Chip_Clock_GetWDTOSCRate
                0x00002334       0x14 C:\Users\kbahar\Documents\LPCXpresso_7.8.0_426\workspace\lpc_chip_5410x\Debug\liblpc_chip_5410x.a(pll_5410x.o)
 .text.pllEncodeN
                0x00002348       0x80 C:\Users\kbahar\Documents\LPCXpresso_7.8.0_426\workspace\lpc_chip_5410x\Debug\liblpc_chip_5410x.a(pll_5410x.o)
 .text.pllDecodeN
                0x000023c8       0xa0 C:\Users\kbahar\Documents\LPCXpresso_7.8.0_426\workspace\lpc_chip_5410x\Debug\liblpc_chip_5410x.a(pll_5410x.o)
 .text.pllEncodeP
                0x00002468       0x70 C:\Users\kbahar\Documents\LPCXpresso_7.8.0_426\workspace\lpc_chip_5410x\Debug\liblpc_chip_5410x.a(pll_5410x.o)
 .text.pllDecodeP
                0x000024d8       0x88 C:\Users\kbahar\Documents\LPCXpresso_7.8.0_426\workspace\lpc_chip_5410x\Debug\liblpc_chip_5410x.a(pll_5410x.o)
 .text.pllEncodeM
                0x00002560       0x80 C:\Users\kbahar\Documents\LPCXpresso_7.8.0_426\workspace\lpc_chip_5410x\Debug\liblpc_chip_5410x.a(pll_5410x.o)
 .text.pllDecodeM
                0x000025e0       0xa0 C:\Users\kbahar\Documents\LPCXpresso_7.8.0_426\workspace\lpc_chip_5410x\Debug\liblpc_chip_5410x.a(pll_5410x.o)
 .text.pllFindSel
                0x00002680       0xb8 C:\Users\kbahar\Documents\LPCXpresso_7.8.0_426\workspace\lpc_chip_5410x\Debug\liblpc_chip_5410x.a(pll_5410x.o)
 .text.findPllPreDiv
                0x00002738       0x3c C:\Users\kbahar\Documents\LPCXpresso_7.8.0_426\workspace\lpc_chip_5410x\Debug\liblpc_chip_5410x.a(pll_5410x.o)
                0x00002738                findPllPreDiv
 .text.findPllPostDiv
                0x00002774       0x40 C:\Users\kbahar\Documents\LPCXpresso_7.8.0_426\workspace\lpc_chip_5410x\Debug\liblpc_chip_5410x.a(pll_5410x.o)
                0x00002774                findPllPostDiv
 .text.findPllMMult
                0x000027b4       0x40 C:\Users\kbahar\Documents\LPCXpresso_7.8.0_426\workspace\lpc_chip_5410x\Debug\liblpc_chip_5410x.a(pll_5410x.o)
                0x000027b4                findPllMMult
 .text.FindGreatestCommonDivisor
                0x000027f4       0x3c C:\Users\kbahar\Documents\LPCXpresso_7.8.0_426\workspace\lpc_chip_5410x\Debug\liblpc_chip_5410x.a(pll_5410x.o)
 .text.Chip_Clock_GetPllConfig
                0x00002830      0x288 C:\Users\kbahar\Documents\LPCXpresso_7.8.0_426\workspace\lpc_chip_5410x\Debug\liblpc_chip_5410x.a(pll_5410x.o)
 .text.Chip_Clock_GetSystemPLLOutFromSetupUpdate
                0x00002ab8       0x20 C:\Users\kbahar\Documents\LPCXpresso_7.8.0_426\workspace\lpc_chip_5410x\Debug\liblpc_chip_5410x.a(pll_5410x.o)
 .text.Chip_Clock_GetSystemPLLInClockRate
                0x00002ad8       0x60 C:\Users\kbahar\Documents\LPCXpresso_7.8.0_426\workspace\lpc_chip_5410x\Debug\liblpc_chip_5410x.a(pll_5410x.o)
                0x00002ad8                Chip_Clock_GetSystemPLLInClockRate
 .text.Chip_Clock_GetSystemPLLOutFromSetup
                0x00002b38      0x160 C:\Users\kbahar\Documents\LPCXpresso_7.8.0_426\workspace\lpc_chip_5410x\Debug\liblpc_chip_5410x.a(pll_5410x.o)
                0x00002b38                Chip_Clock_GetSystemPLLOutFromSetup
 .text.Chip_Clock_GetSystemPLLOutClockRate
                0x00002c98       0x68 C:\Users\kbahar\Documents\LPCXpresso_7.8.0_426\workspace\lpc_chip_5410x\Debug\liblpc_chip_5410x.a(pll_5410x.o)
                0x00002c98                Chip_Clock_GetSystemPLLOutClockRate
 .text.Chip_Clock_SetupPLLData
                0x00002d00       0x94 C:\Users\kbahar\Documents\LPCXpresso_7.8.0_426\workspace\lpc_chip_5410x\Debug\liblpc_chip_5410x.a(pll_5410x.o)
                0x00002d00                Chip_Clock_SetupPLLData
 .text.Chip_Clock_SetupSystemPLLPrec
                0x00002d94       0xec C:\Users\kbahar\Documents\LPCXpresso_7.8.0_426\workspace\lpc_chip_5410x\Debug\liblpc_chip_5410x.a(pll_5410x.o)
                0x00002d94                Chip_Clock_SetupSystemPLLPrec
 .text.ROM_ADC_GetMemSize
                0x00002e80       0x14 C:\Users\kbahar\Documents\LPCXpresso_7.8.0_426\workspace\lpc_chip_5410x\Debug\liblpc_chip_5410x.a(romapi_adc.o)
                0x00002e80                ROM_ADC_GetMemSize
 .text.ROM_ADC_Init
                0x00002e94       0x28 C:\Users\kbahar\Documents\LPCXpresso_7.8.0_426\workspace\lpc_chip_5410x\Debug\liblpc_chip_5410x.a(romapi_adc.o)
                0x00002e94                ROM_ADC_Init
 .text.ROM_ADC_Configure
                0x00002ebc       0x24 C:\Users\kbahar\Documents\LPCXpresso_7.8.0_426\workspace\lpc_chip_5410x\Debug\liblpc_chip_5410x.a(romapi_adc.o)
                0x00002ebc                ROM_ADC_Configure
 .text.ROM_ADC_Calibrate
                0x00002ee0       0x24 C:\Users\kbahar\Documents\LPCXpresso_7.8.0_426\workspace\lpc_chip_5410x\Debug\liblpc_chip_5410x.a(romapi_adc.o)
                0x00002ee0                ROM_ADC_Calibrate
 .text.ROM_ADC_StartConversion
                0x00002f04       0x30 C:\Users\kbahar\Documents\LPCXpresso_7.8.0_426\workspace\lpc_chip_5410x\Debug\liblpc_chip_5410x.a(romapi_adc.o)
                0x00002f04                ROM_ADC_StartConversion
 .text.ROM_ADC_Handler
                0x00002f34       0x28 C:\Users\kbahar\Documents\LPCXpresso_7.8.0_426\workspace\lpc_chip_5410x\Debug\liblpc_chip_5410x.a(romapi_adc.o)
                0x00002f34                ROM_ADC_Handler
 .text.ROM_ADC_RegisterCB
                0x00002f5c       0x2c C:\Users\kbahar\Documents\LPCXpresso_7.8.0_426\workspace\lpc_chip_5410x\Debug\liblpc_chip_5410x.a(romapi_adc.o)
                0x00002f5c                ROM_ADC_RegisterCB
 .text.ROM_ADC_ConfigureCh
                0x00002f88       0x28 C:\Users\kbahar\Documents\LPCXpresso_7.8.0_426\workspace\lpc_chip_5410x\Debug\liblpc_chip_5410x.a(romapi_adc.o)
                0x00002f88                ROM_ADC_ConfigureCh
 .text.ROM_I2CM_GetMemSize
                0x00002fb0       0x14 C:\Users\kbahar\Documents\LPCXpresso_7.8.0_426\workspace\lpc_chip_5410x\Debug\liblpc_chip_5410x.a(romapi_i2cm.o)
                0x00002fb0                ROM_I2CM_GetMemSize
 .text.ROM_I2CM_Init
                0x00002fc4       0x24 C:\Users\kbahar\Documents\LPCXpresso_7.8.0_426\workspace\lpc_chip_5410x\Debug\liblpc_chip_5410x.a(romapi_i2cm.o)
                0x00002fc4                ROM_I2CM_Init
 .text.ROM_I2CM_SetClockRate
                0x00002fe8       0x28 C:\Users\kbahar\Documents\LPCXpresso_7.8.0_426\workspace\lpc_chip_5410x\Debug\liblpc_chip_5410x.a(romapi_i2cm.o)
                0x00002fe8                ROM_I2CM_SetClockRate
 .text.ROM_I2CM_Transfer
                0x00003010       0x24 C:\Users\kbahar\Documents\LPCXpresso_7.8.0_426\workspace\lpc_chip_5410x\Debug\liblpc_chip_5410x.a(romapi_i2cm.o)
                0x00003010                ROM_I2CM_Transfer
 .text.ROM_UART_GetMemSize
                0x00003034       0x14 C:\Users\kbahar\Documents\LPCXpresso_7.8.0_426\workspace\lpc_chip_5410x\Debug\liblpc_chip_5410x.a(romapi_uart.o)
                0x00003034                ROM_UART_GetMemSize
 .text.ROM_UART_Init
                0x00003048       0x28 C:\Users\kbahar\Documents\LPCXpresso_7.8.0_426\workspace\lpc_chip_5410x\Debug\liblpc_chip_5410x.a(romapi_uart.o)
                0x00003048                ROM_UART_Init
 .text.ROM_UART_Configure
                0x00003070       0x24 C:\Users\kbahar\Documents\LPCXpresso_7.8.0_426\workspace\lpc_chip_5410x\Debug\liblpc_chip_5410x.a(romapi_uart.o)
                0x00003070                ROM_UART_Configure
 .text.ROM_UART_CalBaud
                0x00003094       0x20 C:\Users\kbahar\Documents\LPCXpresso_7.8.0_426\workspace\lpc_chip_5410x\Debug\liblpc_chip_5410x.a(romapi_uart.o)
                0x00003094                ROM_UART_CalBaud
 .text.ROM_UART_RegisterCB
                0x000030b4       0x2c C:\Users\kbahar\Documents\LPCXpresso_7.8.0_426\workspace\lpc_chip_5410x\Debug\liblpc_chip_5410x.a(romapi_uart.o)
                0x000030b4                ROM_UART_RegisterCB
 .text.ROM_UART_Send
                0x000030e0       0x28 C:\Users\kbahar\Documents\LPCXpresso_7.8.0_426\workspace\lpc_chip_5410x\Debug\liblpc_chip_5410x.a(romapi_uart.o)
                0x000030e0                ROM_UART_Send
 .text.ROM_UART_WaitTx
                0x00003108       0x1c C:\Users\kbahar\Documents\LPCXpresso_7.8.0_426\workspace\lpc_chip_5410x\Debug\liblpc_chip_5410x.a(romapi_uart.o)
                0x00003108                ROM_UART_WaitTx
 .text.Chip_SYSCON_Enable_ASYNC_Syscon
                0x00003124       0x2c C:\Users\kbahar\Documents\LPCXpresso_7.8.0_426\workspace\lpc_chip_5410x\Debug\liblpc_chip_5410x.a(syscon_5410x.o)
                0x00003124                Chip_SYSCON_Enable_ASYNC_Syscon
 .text.Chip_SYSCON_PeriphReset
                0x00003150       0x7c C:\Users\kbahar\Documents\LPCXpresso_7.8.0_426\workspace\lpc_chip_5410x\Debug\liblpc_chip_5410x.a(syscon_5410x.o)
                0x00003150                Chip_SYSCON_PeriphReset
 .text.Chip_SYSCON_PowerUp
                0x000031cc       0x88 C:\Users\kbahar\Documents\LPCXpresso_7.8.0_426\workspace\lpc_chip_5410x\Debug\liblpc_chip_5410x.a(syscon_5410x.o)
                0x000031cc                Chip_SYSCON_PowerUp
 .text.Chip_SYSCON_SetFLASHAccess
                0x00003254       0x34 C:\Users\kbahar\Documents\LPCXpresso_7.8.0_426\workspace\lpc_chip_5410x\Debug\liblpc_chip_5410x.a(sysinit_5410x.o)
 .text.Chip_SYSCON_PowerDown
                0x00003288       0x1c C:\Users\kbahar\Documents\LPCXpresso_7.8.0_426\workspace\lpc_chip_5410x\Debug\liblpc_chip_5410x.a(sysinit_5410x.o)
 .text.Chip_Clock_SetSystemPLLSource
                0x000032a4       0x20 C:\Users\kbahar\Documents\LPCXpresso_7.8.0_426\workspace\lpc_chip_5410x\Debug\liblpc_chip_5410x.a(sysinit_5410x.o)
 .text.Chip_Clock_SetSysClockDiv
                0x000032c4       0x1c C:\Users\kbahar\Documents\LPCXpresso_7.8.0_426\workspace\lpc_chip_5410x\Debug\liblpc_chip_5410x.a(sysinit_5410x.o)
 .text.Chip_Clock_SetAsyncSysconClockDiv
                0x000032e0       0x1c C:\Users\kbahar\Documents\LPCXpresso_7.8.0_426\workspace\lpc_chip_5410x\Debug\liblpc_chip_5410x.a(sysinit_5410x.o)
 .text.setupFlashClocks
                0x000032fc       0x5c C:\Users\kbahar\Documents\LPCXpresso_7.8.0_426\workspace\lpc_chip_5410x\Debug\liblpc_chip_5410x.a(sysinit_5410x.o)
 .text.Chip_SetupIrcClocking
                0x00003358       0x84 C:\Users\kbahar\Documents\LPCXpresso_7.8.0_426\workspace\lpc_chip_5410x\Debug\liblpc_chip_5410x.a(sysinit_5410x.o)
                0x00003358                Chip_SetupIrcClocking
 .text._ADC_InvokeCallback
                0x000033dc       0x38 C:\Users\kbahar\Documents\LPCXpresso_7.8.0_426\workspace\lpc_chip_5410x\Debug\liblpc_chip_5410x.a(hw_adc.o)
 .text._ADC_GetData
                0x00003414       0xb4 C:\Users\kbahar\Documents\LPCXpresso_7.8.0_426\workspace\lpc_chip_5410x\Debug\liblpc_chip_5410x.a(hw_adc.o)
 .text._ADC_ReadData
                0x000034c8       0x94 C:\Users\kbahar\Documents\LPCXpresso_7.8.0_426\workspace\lpc_chip_5410x\Debug\liblpc_chip_5410x.a(hw_adc.o)
 .text._ADC_Handle_Overflow
                0x0000355c       0x28 C:\Users\kbahar\Documents\LPCXpresso_7.8.0_426\workspace\lpc_chip_5410x\Debug\liblpc_chip_5410x.a(hw_adc.o)
 .text._ADC_Handler_Seq
                0x00003584      0x150 C:\Users\kbahar\Documents\LPCXpresso_7.8.0_426\workspace\lpc_chip_5410x\Debug\liblpc_chip_5410x.a(hw_adc.o)
 .text._ADC_Handler_SeqPoll
                0x000036d4       0x5c C:\Users\kbahar\Documents\LPCXpresso_7.8.0_426\workspace\lpc_chip_5410x\Debug\liblpc_chip_5410x.a(hw_adc.o)
 .text._ADC_Handler_Ovr
                0x00003730       0x48 C:\Users\kbahar\Documents\LPCXpresso_7.8.0_426\workspace\lpc_chip_5410x\Debug\liblpc_chip_5410x.a(hw_adc.o)
 .text._ADC_Handler_Thres
                0x00003778       0x48 C:\Users\kbahar\Documents\LPCXpresso_7.8.0_426\workspace\lpc_chip_5410x\Debug\liblpc_chip_5410x.a(hw_adc.o)
 .text.ADC_RegisterCallback
                0x000037c0       0x38 C:\Users\kbahar\Documents\LPCXpresso_7.8.0_426\workspace\lpc_chip_5410x\Debug\liblpc_chip_5410x.a(hw_adc.o)
                0x000037c0                ADC_RegisterCallback
 .text.ADC_Init
                0x000037f8       0x50 C:\Users\kbahar\Documents\LPCXpresso_7.8.0_426\workspace\lpc_chip_5410x\Debug\liblpc_chip_5410x.a(hw_adc.o)
                0x000037f8                ADC_Init
 .text.ADC_SetThreshold
                0x00003848       0x50 C:\Users\kbahar\Documents\LPCXpresso_7.8.0_426\workspace\lpc_chip_5410x\Debug\liblpc_chip_5410x.a(hw_adc.o)
                0x00003848                ADC_SetThreshold
 .text.ADC_Calibrate
                0x00003898      0x114 C:\Users\kbahar\Documents\LPCXpresso_7.8.0_426\workspace\lpc_chip_5410x\Debug\liblpc_chip_5410x.a(hw_adc.o)
                0x00003898                ADC_Calibrate
 .text.ADC_Configure
                0x000039ac       0xb4 C:\Users\kbahar\Documents\LPCXpresso_7.8.0_426\workspace\lpc_chip_5410x\Debug\liblpc_chip_5410x.a(hw_adc.o)
                0x000039ac                ADC_Configure
 .text.ADC_ConfigureChannel
                0x00003a60      0x14c C:\Users\kbahar\Documents\LPCXpresso_7.8.0_426\workspace\lpc_chip_5410x\Debug\liblpc_chip_5410x.a(hw_adc.o)
                0x00003a60                ADC_ConfigureChannel
 .text.ADC_StartConversion
                0x00003bac       0xe4 C:\Users\kbahar\Documents\LPCXpresso_7.8.0_426\workspace\lpc_chip_5410x\Debug\liblpc_chip_5410x.a(hw_adc.o)
                0x00003bac                ADC_StartConversion
 .text.ADC_SwTrigger
                0x00003c90       0x48 C:\Users\kbahar\Documents\LPCXpresso_7.8.0_426\workspace\lpc_chip_5410x\Debug\liblpc_chip_5410x.a(hw_adc.o)
                0x00003c90                ADC_SwTrigger
 .text.ADC_StopConversion
                0x00003cd8       0x84 C:\Users\kbahar\Documents\LPCXpresso_7.8.0_426\workspace\lpc_chip_5410x\Debug\liblpc_chip_5410x.a(hw_adc.o)
 .text.ADC_Handler
                0x00003d5c       0xc0 C:\Users\kbahar\Documents\LPCXpresso_7.8.0_426\workspace\lpc_chip_5410x\Debug\liblpc_chip_5410x.a(hw_adc.o)
                0x00003d5c                ADC_Handler
 .text.ADC_GetMemSize
                0x00003e1c       0x10 C:\Users\kbahar\Documents\LPCXpresso_7.8.0_426\workspace\lpc_chip_5410x\Debug\liblpc_chip_5410x.a(hw_adc.o)
                0x00003e1c                ADC_GetMemSize
 .text.ADC_GetDriverVersion
                0x00003e2c       0x14 C:\Users\kbahar\Documents\LPCXpresso_7.8.0_426\workspace\lpc_chip_5410x\Debug\liblpc_chip_5410x.a(hw_adc.o)
                0x00003e2c                ADC_GetDriverVersion
 .text._UART_DivClk
                0x00003e40       0x64 C:\Users\kbahar\Documents\LPCXpresso_7.8.0_426\workspace\lpc_chip_5410x\Debug\liblpc_chip_5410x.a(hw_uart.o)
 .text._UART_GetHighDiv
                0x00003ea4       0x54 C:\Users\kbahar\Documents\LPCXpresso_7.8.0_426\workspace\lpc_chip_5410x\Debug\liblpc_chip_5410x.a(hw_uart.o)
 .text._UART_Xfer
                0x00003ef8       0x88 C:\Users\kbahar\Documents\LPCXpresso_7.8.0_426\workspace\lpc_chip_5410x\Debug\liblpc_chip_5410x.a(hw_uart.o)
 .text._CalcErr
                0x00003f80       0x70 C:\Users\kbahar\Documents\LPCXpresso_7.8.0_426\workspace\lpc_chip_5410x\Debug\liblpc_chip_5410x.a(hw_uart.o)
 .text._UART_CalcDiv
                0x00003ff0       0xe4 C:\Users\kbahar\Documents\LPCXpresso_7.8.0_426\workspace\lpc_chip_5410x\Debug\liblpc_chip_5410x.a(hw_uart.o)
 .text._UART_CalcMul
                0x000040d4       0xc8 C:\Users\kbahar\Documents\LPCXpresso_7.8.0_426\workspace\lpc_chip_5410x\Debug\liblpc_chip_5410x.a(hw_uart.o)
 .text._UART_InvokeCB
                0x0000419c       0x38 C:\Users\kbahar\Documents\LPCXpresso_7.8.0_426\workspace\lpc_chip_5410x\Debug\liblpc_chip_5410x.a(hw_uart.o)
 .text._UART_HandleTxRx
                0x000041d4       0xd4 C:\Users\kbahar\Documents\LPCXpresso_7.8.0_426\workspace\lpc_chip_5410x\Debug\liblpc_chip_5410x.a(hw_uart.o)
 .text._UART_HandleXfer
                0x000042a8      0x110 C:\Users\kbahar\Documents\LPCXpresso_7.8.0_426\workspace\lpc_chip_5410x\Debug\liblpc_chip_5410x.a(hw_uart.o)
 .text._UART_StopRx
                0x000043b8       0x4c C:\Users\kbahar\Documents\LPCXpresso_7.8.0_426\workspace\lpc_chip_5410x\Debug\liblpc_chip_5410x.a(hw_uart.o)
 .text.UART_GetMemSize
                0x00004404       0x10 C:\Users\kbahar\Documents\LPCXpresso_7.8.0_426\workspace\lpc_chip_5410x\Debug\liblpc_chip_5410x.a(hw_uart.o)
                0x00004404                UART_GetMemSize
 .text.UART_CalculateBaud
                0x00004414       0x28 C:\Users\kbahar\Documents\LPCXpresso_7.8.0_426\workspace\lpc_chip_5410x\Debug\liblpc_chip_5410x.a(hw_uart.o)
                0x00004414                UART_CalculateBaud
 .text.UART_Init
                0x0000443c       0x48 C:\Users\kbahar\Documents\LPCXpresso_7.8.0_426\workspace\lpc_chip_5410x\Debug\liblpc_chip_5410x.a(hw_uart.o)
                0x0000443c                UART_Init
 .text.UART_Configure
                0x00004484       0xec C:\Users\kbahar\Documents\LPCXpresso_7.8.0_426\workspace\lpc_chip_5410x\Debug\liblpc_chip_5410x.a(hw_uart.o)
                0x00004484                UART_Configure
 .text.UART_SetControl
                0x00004570      0x118 C:\Users\kbahar\Documents\LPCXpresso_7.8.0_426\workspace\lpc_chip_5410x\Debug\liblpc_chip_5410x.a(hw_uart.o)
                0x00004570                UART_SetControl
 .text.UART_RegisterCB
                0x00004688       0x58 C:\Users\kbahar\Documents\LPCXpresso_7.8.0_426\workspace\lpc_chip_5410x\Debug\liblpc_chip_5410x.a(hw_uart.o)
                0x00004688                UART_RegisterCB
 .text.UART_Handler
                0x000046e0      0x238 C:\Users\kbahar\Documents\LPCXpresso_7.8.0_426\workspace\lpc_chip_5410x\Debug\liblpc_chip_5410x.a(hw_uart.o)
                0x000046e0                UART_Handler
 .text.UART_Tx  0x00004918       0x28 C:\Users\kbahar\Documents\LPCXpresso_7.8.0_426\workspace\lpc_chip_5410x\Debug\liblpc_chip_5410x.a(hw_uart.o)
                0x00004918                UART_Tx
 .text.UART_Rx  0x00004940       0x28 C:\Users\kbahar\Documents\LPCXpresso_7.8.0_426\workspace\lpc_chip_5410x\Debug\liblpc_chip_5410x.a(hw_uart.o)
                0x00004940                UART_Rx
 .text.UART_WaitTX
                0x00004968       0x20 C:\Users\kbahar\Documents\LPCXpresso_7.8.0_426\workspace\lpc_chip_5410x\Debug\liblpc_chip_5410x.a(hw_uart.o)
                0x00004968                UART_WaitTX
 .text.UART_WaitRX
                0x00004988       0x54 C:\Users\kbahar\Documents\LPCXpresso_7.8.0_426\workspace\lpc_chip_5410x\Debug\liblpc_chip_5410x.a(hw_uart.o)
                0x00004988                UART_WaitRX
 .text.UART_GetDriverVersion
                0x000049dc       0x14 C:\Users\kbahar\Documents\LPCXpresso_7.8.0_426\workspace\lpc_chip_5410x\Debug\liblpc_chip_5410x.a(hw_uart.o)
                0x000049dc                UART_GetDriverVersion
 .text._rom_i2cmSetClockDiv
                0x000049f0       0x34 C:\Users\kbahar\Documents\LPCXpresso_7.8.0_426\workspace\lpc_chip_5410x\Debug\liblpc_chip_5410x.a(hw_i2cmd.o)
 .text._rom_i2cmSetDutyCycle
                0x00004a24       0x60 C:\Users\kbahar\Documents\LPCXpresso_7.8.0_426\workspace\lpc_chip_5410x\Debug\liblpc_chip_5410x.a(hw_i2cmd.o)
 .text.i2cm_get_mem_size
                0x00004a84       0x10 C:\Users\kbahar\Documents\LPCXpresso_7.8.0_426\workspace\lpc_chip_5410x\Debug\liblpc_chip_5410x.a(hw_i2cmd.o)
                0x00004a84                i2cm_get_mem_size
 .text.i2cm_init
                0x00004a94       0x68 C:\Users\kbahar\Documents\LPCXpresso_7.8.0_426\workspace\lpc_chip_5410x\Debug\liblpc_chip_5410x.a(hw_i2cmd.o)
                0x00004a94                i2cm_init
 .text.i2cm_set_clock_rate
                0x00004afc       0x78 C:\Users\kbahar\Documents\LPCXpresso_7.8.0_426\workspace\lpc_chip_5410x\Debug\liblpc_chip_5410x.a(hw_i2cmd.o)
                0x00004afc                i2cm_set_clock_rate
 .text.i2cm_register_callback
                0x00004b74       0x44 C:\Users\kbahar\Documents\LPCXpresso_7.8.0_426\workspace\lpc_chip_5410x\Debug\liblpc_chip_5410x.a(hw_i2cmd.o)
                0x00004b74                i2cm_register_callback
 .text.i2cm_transfer
                0x00004bb8      0x120 C:\Users\kbahar\Documents\LPCXpresso_7.8.0_426\workspace\lpc_chip_5410x\Debug\liblpc_chip_5410x.a(hw_i2cmd.o)
                0x00004bb8                i2cm_transfer
 .text.i2cm_transfer_handler
                0x00004cd8      0x278 C:\Users\kbahar\Documents\LPCXpresso_7.8.0_426\workspace\lpc_chip_5410x\Debug\liblpc_chip_5410x.a(hw_i2cmd.o)
                0x00004cd8                i2cm_transfer_handler
 .text.i2cm_get_driver_version
                0x00004f50       0x14 C:\Users\kbahar\Documents\LPCXpresso_7.8.0_426\workspace\lpc_chip_5410x\Debug\liblpc_chip_5410x.a(hw_i2cmd.o)
                0x00004f50                i2cm_get_driver_version
 .text.getBROMVersion
                0x00004f64       0x20 C:\Users\kbahar\Documents\LPCXpresso_7.8.0_426\workspace\lpc_chip_5410x\libs\libpower.a(power_library.o)
 .text.Chip_POWER_SetVoltage
                0x00004f84      0x108 C:\Users\kbahar\Documents\LPCXpresso_7.8.0_426\workspace\lpc_chip_5410x\libs\libpower.a(power_library.o)
                0x00004f84                Chip_POWER_SetVoltage
 .text.Chip_POWER_GetROMVersion
                0x0000508c        0x4 C:\Users\kbahar\Documents\LPCXpresso_7.8.0_426\workspace\lpc_chip_5410x\libs\libpower.a(power_library.o)
                0x0000508c                Chip_POWER_GetROMVersion
 .text.__main   0x00005090       0x14 c:/nxp/lpcxpresso_7.8.0_426/lpcxpresso/tools/bin/../lib/gcc/arm-none-eabi/4.9.3/../../../../arm-none-eabi/lib/armv7e-m/softfp\libcr_nohost.a(_cr__main.o)
                0x00005090                __main
 .text.memset   0x000050a4        0x4 c:/nxp/lpcxpresso_7.8.0_426/lpcxpresso/tools/bin/../lib/gcc/arm-none-eabi/4.9.3/../../../../arm-none-eabi/lib/armv7e-m/softfp\libcr_c.a(memset.o)
                0x000050a4                memset
 .text.fp_round
                0x000050a8       0x4c c:/nxp/lpcxpresso_7.8.0_426/lpcxpresso/tools/bin/../lib/gcc/arm-none-eabi/4.9.3/../../../../arm-none-eabi/lib/armv7e-m/softfp\libcr_c.a(fpprintf.o)
 .text.pr_dec.constprop.1
                0x000050f4       0x26 c:/nxp/lpcxpresso_7.8.0_426/lpcxpresso/tools/bin/../lib/gcc/arm-none-eabi/4.9.3/../../../../arm-none-eabi/lib/armv7e-m/softfp\libcr_c.a(fpprintf.o)
 *fill*         0x0000511a        0x2 
 .text.sprintf  0x0000511c       0x6c c:/nxp/lpcxpresso_7.8.0_426/lpcxpresso/tools/bin/../lib/gcc/arm-none-eabi/4.9.3/../../../../arm-none-eabi/lib/armv7e-m/softfp\libcr_c.a(fpprintf.o)
                0x0000511c                sprintf
 .text.fp_display
                0x00005188      0x900 c:/nxp/lpcxpresso_7.8.0_426/lpcxpresso/tools/bin/../lib/gcc/arm-none-eabi/4.9.3/../../../../arm-none-eabi/lib/armv7e-m/softfp\libcr_c.a(fpprintf.o)
 .text.vsnprintf
                0x00005a88       0x5c c:/nxp/lpcxpresso_7.8.0_426/lpcxpresso/tools/bin/../lib/gcc/arm-none-eabi/4.9.3/../../../../arm-none-eabi/lib/armv7e-m/softfp\libcr_c.a(fpprintf.o)
                0x00005a88                vsnprintf
 .text.printf   0x00005ae4       0x54 c:/nxp/lpcxpresso_7.8.0_426/lpcxpresso/tools/bin/../lib/gcc/arm-none-eabi/4.9.3/../../../../arm-none-eabi/lib/armv7e-m/softfp\libcr_c.a(fpprintf.o)
                0x00005ae4                printf
 .text._initio  0x00005b38       0xa4 c:/nxp/lpcxpresso_7.8.0_426/lpcxpresso/tools/bin/../lib/gcc/arm-none-eabi/4.9.3/../../../../arm-none-eabi/lib/armv7e-m/softfp\libcr_c.a(initio.o)
                0x00005b38                _initio
 .text.__vfprintf
                0x00005bdc      0xca0 c:/nxp/lpcxpresso_7.8.0_426/lpcxpresso/tools/bin/../lib/gcc/arm-none-eabi/4.9.3/../../../../arm-none-eabi/lib/armv7e-m/softfp\libcr_c.a(printf.o)
                0x00005bdc                __vfprintf
 .text.setvbuf  0x0000687c       0x40 c:/nxp/lpcxpresso_7.8.0_426/lpcxpresso/tools/bin/../lib/gcc/arm-none-eabi/4.9.3/../../../../arm-none-eabi/lib/armv7e-m/softfp\libcr_c.a(setvbuf.o)
                0x0000687c                setvbuf
 .text.strlen   0x000068bc       0x4a c:/nxp/lpcxpresso_7.8.0_426/lpcxpresso/tools/bin/../lib/gcc/arm-none-eabi/4.9.3/../../../../arm-none-eabi/lib/armv7e-m/softfp\libcr_c.a(strlen.o)
                0x000068bc                strlen
 .text._deferredlazyseek
                0x00006906       0x44 c:/nxp/lpcxpresso_7.8.0_426/lpcxpresso/tools/bin/../lib/gcc/arm-none-eabi/4.9.3/../../../../arm-none-eabi/lib/armv7e-m/softfp\libcr_c.a(_deferredlazyseek.o)
                0x00006906                _deferredlazyseek
 .text.__flsbuf
                0x0000694a      0x142 c:/nxp/lpcxpresso_7.8.0_426/lpcxpresso/tools/bin/../lib/gcc/arm-none-eabi/4.9.3/../../../../arm-none-eabi/lib/armv7e-m/softfp\libcr_c.a(_deferredlazyseek.o)
                0x0000694a                __flsbuf
 .text._fdopen  0x00006a8c       0x6a c:/nxp/lpcxpresso_7.8.0_426/lpcxpresso/tools/bin/../lib/gcc/arm-none-eabi/4.9.3/../../../../arm-none-eabi/lib/armv7e-m/softfp\libcr_c.a(_fdopen.o)
                0x00006a8c                _fdopen
 .text._fflush  0x00006af6       0x58 c:/nxp/lpcxpresso_7.8.0_426/lpcxpresso/tools/bin/../lib/gcc/arm-none-eabi/4.9.3/../../../../arm-none-eabi/lib/armv7e-m/softfp\libcr_c.a(_fflush.o)
                0x00006af6                _fflush
 .text._frexpl  0x00006b4e       0x5a c:/nxp/lpcxpresso_7.8.0_426/lpcxpresso/tools/bin/../lib/gcc/arm-none-eabi/4.9.3/../../../../arm-none-eabi/lib/armv7e-m/softfp\libcr_c.a(_frexpl.o)
                0x00006b4e                _frexpl
 .text._ldexpl  0x00006ba8       0x4c c:/nxp/lpcxpresso_7.8.0_426/lpcxpresso/tools/bin/../lib/gcc/arm-none-eabi/4.9.3/../../../../arm-none-eabi/lib/armv7e-m/softfp\libcr_c.a(_ldexpl.o)
                0x00006ba8                _ldexpl
 .text._Cwritebuf
                0x00006bf4       0x68 c:/nxp/lpcxpresso_7.8.0_426/lpcxpresso/tools/bin/../lib/gcc/arm-none-eabi/4.9.3/../../../../arm-none-eabi/lib/armv7e-m/softfp\libcr_c.a(_writebuf.o)
                0x00006bf4                _Cwritebuf
 .text.malloc   0x00006c5c       0xcc c:/nxp/lpcxpresso_7.8.0_426/lpcxpresso/tools/bin/../lib/gcc/arm-none-eabi/4.9.3/../../../../arm-none-eabi/lib/armv7e-m/softfp\libcr_c.a(alloc.o)
                0x00006c5c                malloc
 .text.free     0x00006d28       0x30 c:/nxp/lpcxpresso_7.8.0_426/lpcxpresso/tools/bin/../lib/gcc/arm-none-eabi/4.9.3/../../../../arm-none-eabi/lib/armv7e-m/softfp\libcr_c.a(alloc.o)
                0x00006d28                free
 .text._Csys_alloc
                0x00006d58       0x20 c:/nxp/lpcxpresso_7.8.0_426/lpcxpresso/tools/bin/../lib/gcc/arm-none-eabi/4.9.3/../../../../arm-none-eabi/lib/armv7e-m/softfp\libcr_c.a(alloc.o)
                0x00006d58                _Csys_alloc
 .text.fclose   0x00006d78       0x6c c:/nxp/lpcxpresso_7.8.0_426/lpcxpresso/tools/bin/../lib/gcc/arm-none-eabi/4.9.3/../../../../arm-none-eabi/lib/armv7e-m/softfp\libcr_c.a(fclose.o)
                0x00006d78                fclose
 .text.fflush   0x00006de4       0x30 c:/nxp/lpcxpresso_7.8.0_426/lpcxpresso/tools/bin/../lib/gcc/arm-none-eabi/4.9.3/../../../../arm-none-eabi/lib/armv7e-m/softfp\libcr_c.a(fflush.o)
                0x00006de4                fflush
 .text.fseek    0x00006e14      0x110 c:/nxp/lpcxpresso_7.8.0_426/lpcxpresso/tools/bin/../lib/gcc/arm-none-eabi/4.9.3/../../../../arm-none-eabi/lib/armv7e-m/softfp\libcr_c.a(fseek.o)
                0x00006e14                fseek
 .text.ftell    0x00006f24       0x4c c:/nxp/lpcxpresso_7.8.0_426/lpcxpresso/tools/bin/../lib/gcc/arm-none-eabi/4.9.3/../../../../arm-none-eabi/lib/armv7e-m/softfp\libcr_c.a(ftell.o)
                0x00006f24                ftell
 .text.remove   0x00006f70       0x14 c:/nxp/lpcxpresso_7.8.0_426/lpcxpresso/tools/bin/../lib/gcc/arm-none-eabi/4.9.3/../../../../arm-none-eabi/lib/armv7e-m/softfp\libcr_c.a(remove.o)
                0x00006f70                remove
 .text._sbrk    0x00006f84       0x40 c:/nxp/lpcxpresso_7.8.0_426/lpcxpresso/tools/bin/../lib/gcc/arm-none-eabi/4.9.3/../../../../arm-none-eabi/lib/armv7e-m/softfp\libcr_c.a(_cr_sbrk.o)
                0x00006f84                _sbrk
 .text._do_fflush
                0x00006fc4       0x44 c:/nxp/lpcxpresso_7.8.0_426/lpcxpresso/tools/bin/../lib/gcc/arm-none-eabi/4.9.3/../../../../arm-none-eabi/lib/armv7e-m/softfp\libcr_c.a(_do_fflush.o)
                0x00006fc4                _do_fflush
 .text.__check_heap_overflow
                0x00007008       0x18 c:/nxp/lpcxpresso_7.8.0_426/lpcxpresso/tools/bin/../lib/gcc/arm-none-eabi/4.9.3/../../../../arm-none-eabi/lib/armv7e-m/softfp\libcr_c.a(_cr_check_heap.o)
                0x00007008                __check_heap_overflow
 .text.__aeabi_division_uldivmod
                0x00007020      0x174 c:/nxp/lpcxpresso_7.8.0_426/lpcxpresso/tools/bin/../lib/gcc/arm-none-eabi/4.9.3/armv7e-m/softfp\libcr_eabihelpers.a(division_64.o)
                0x00007020                __aeabi_uldivmod
                0x00007024                __bhs_ldivmod1
 .text.__aeabi_division_idiv0
                0x00007194        0x2 c:/nxp/lpcxpresso_7.8.0_426/lpcxpresso/tools/bin/../lib/gcc/arm-none-eabi/4.9.3/armv7e-m/softfp\libcr_eabihelpers.a(division_idiv0.o)
                0x00007194                __aeabi_idiv0
 *fill*         0x00007196        0x2 
 .text.__aeabi_dmul
                0x00007198      0x110 c:/nxp/lpcxpresso_7.8.0_426/lpcxpresso/tools/bin/../lib/gcc/arm-none-eabi/4.9.3/armv7e-m/softfp\libcr_eabihelpers.a(double.o)
                0x00007198                __aeabi_dmul
 .text.__aeabi_ddiv
                0x000072a8      0x140 c:/nxp/lpcxpresso_7.8.0_426/lpcxpresso/tools/bin/../lib/gcc/arm-none-eabi/4.9.3/armv7e-m/softfp\libcr_eabihelpers.a(double.o)
                0x000072a8                __aeabi_ddiv
 .text.__aeabi_dsub
                0x000073e8      0x1b8 c:/nxp/lpcxpresso_7.8.0_426/lpcxpresso/tools/bin/../lib/gcc/arm-none-eabi/4.9.3/armv7e-m/softfp\libcr_eabihelpers.a(double.o)
                0x000073e8                __aeabi_dsub
 .text.__aeabi_dadd
                0x000075a0      0x128 c:/nxp/lpcxpresso_7.8.0_426/lpcxpresso/tools/bin/../lib/gcc/arm-none-eabi/4.9.3/armv7e-m/softfp\libcr_eabihelpers.a(double.o)
                0x000075a0                __aeabi_dadd
 .text.__aeabi_d2iz
                0x000076c8       0x40 c:/nxp/lpcxpresso_7.8.0_426/lpcxpresso/tools/bin/../lib/gcc/arm-none-eabi/4.9.3/armv7e-m/softfp\libcr_eabihelpers.a(double.o)
                0x000076c8                __aeabi_d2iz
 .text.__bhs_ui2d
                0x00007708       0x46 c:/nxp/lpcxpresso_7.8.0_426/lpcxpresso/tools/bin/../lib/gcc/arm-none-eabi/4.9.3/armv7e-m/softfp\libcr_eabihelpers.a(double.o)
                0x00007708                __bhs_ui2d
 .text.__aeabi_i2d
                0x0000774e       0x10 c:/nxp/lpcxpresso_7.8.0_426/lpcxpresso/tools/bin/../lib/gcc/arm-none-eabi/4.9.3/armv7e-m/softfp\libcr_eabihelpers.a(double.o)
                0x0000774e                __aeabi_i2d
 .text.__aeabi_dcmpeq
                0x0000775e       0x30 c:/nxp/lpcxpresso_7.8.0_426/lpcxpresso/tools/bin/../lib/gcc/arm-none-eabi/4.9.3/armv7e-m/softfp\libcr_eabihelpers.a(double.o)
                0x0000775e                __aeabi_dcmpeq
 .text.__aeabi_dcmplt
                0x0000778e       0x52 c:/nxp/lpcxpresso_7.8.0_426/lpcxpresso/tools/bin/../lib/gcc/arm-none-eabi/4.9.3/armv7e-m/softfp\libcr_eabihelpers.a(double.o)
                0x0000778e                __aeabi_dcmplt
 .text.__aeabi_dcmple
                0x000077e0       0x54 c:/nxp/lpcxpresso_7.8.0_426/lpcxpresso/tools/bin/../lib/gcc/arm-none-eabi/4.9.3/armv7e-m/softfp\libcr_eabihelpers.a(double.o)
                0x000077e0                __aeabi_dcmple
 .text.__aeabi_dcmpge
                0x00007834       0x54 c:/nxp/lpcxpresso_7.8.0_426/lpcxpresso/tools/bin/../lib/gcc/arm-none-eabi/4.9.3/armv7e-m/softfp\libcr_eabihelpers.a(double.o)
                0x00007834                __aeabi_dcmpge
 .text.__aeabi_f2d
                0x00007888       0x38 c:/nxp/lpcxpresso_7.8.0_426/lpcxpresso/tools/bin/../lib/gcc/arm-none-eabi/4.9.3/armv7e-m/softfp\libcr_eabihelpers.a(float.o)
                0x00007888                __aeabi_f2d
 .text.__aeabi_memset_lowlevel
                0x000078c0       0x32 c:/nxp/lpcxpresso_7.8.0_426/lpcxpresso/tools/bin/../lib/gcc/arm-none-eabi/4.9.3/armv7e-m/softfp\libcr_eabihelpers.a(memcpy.o)
                0x000078c0                __aeabi_lowlevel_memset
 .text.__sys_appexit
                0x000078f2        0x2 c:/nxp/lpcxpresso_7.8.0_426/lpcxpresso/tools/bin/../lib/gcc/arm-none-eabi/4.9.3/../../../../arm-none-eabi/lib/armv7e-m/softfp\libcr_nohost.a(__sys_appexit.o)
                0x000078f2                __sys_appexit
                0x000078f2                __exit
 .text.__sys_close
                0x000078f4        0x6 c:/nxp/lpcxpresso_7.8.0_426/lpcxpresso/tools/bin/../lib/gcc/arm-none-eabi/4.9.3/../../../../arm-none-eabi/lib/armv7e-m/softfp\libcr_nohost.a(__sys_close.o)
                0x000078f4                __sys_close
 .text.__sys_flen
                0x000078fa        0x6 c:/nxp/lpcxpresso_7.8.0_426/lpcxpresso/tools/bin/../lib/gcc/arm-none-eabi/4.9.3/../../../../arm-none-eabi/lib/armv7e-m/softfp\libcr_nohost.a(__sys_flen.o)
                0x000078fa                __sys_flen
 .text.__sys_istty
                0x00007900        0x6 c:/nxp/lpcxpresso_7.8.0_426/lpcxpresso/tools/bin/../lib/gcc/arm-none-eabi/4.9.3/../../../../arm-none-eabi/lib/armv7e-m/softfp\libcr_nohost.a(__sys_istty.o)
                0x00007900                __sys_istty
 .text.__sys_remove
                0x00007906        0x6 c:/nxp/lpcxpresso_7.8.0_426/lpcxpresso/tools/bin/../lib/gcc/arm-none-eabi/4.9.3/../../../../arm-none-eabi/lib/armv7e-m/softfp\libcr_nohost.a(__sys_remove.o)
                0x00007906                __sys_remove
 .text.__sys_seek
                0x0000790c        0x6 c:/nxp/lpcxpresso_7.8.0_426/lpcxpresso/tools/bin/../lib/gcc/arm-none-eabi/4.9.3/../../../../arm-none-eabi/lib/armv7e-m/softfp\libcr_nohost.a(__sys_seek.o)
                0x0000790c                __sys_seek
 .text.__sys_tmpnam
                0x00007912        0x6 c:/nxp/lpcxpresso_7.8.0_426/lpcxpresso/tools/bin/../lib/gcc/arm-none-eabi/4.9.3/../../../../arm-none-eabi/lib/armv7e-m/softfp\libcr_nohost.a(__sys_tmpnam.o)
                0x00007912                __sys_tmpnam
 *(.rodata .rodata.* .constdata .constdata.*)
 .rodata        0x00007918      0x560 ./example/src/blinky.o
 .rodata.ledBits
                0x00007e78        0x4 C:\Users\kbahar\Documents\LPCXpresso_7.8.0_426\workspace\lpc_board_lpcxpresso_54102\Debug\liblpc_board_lpcxpresso_54102.a(board.o)
 .rodata.ExtClockIn
                0x00007e7c        0x4 C:\Users\kbahar\Documents\LPCXpresso_7.8.0_426\workspace\lpc_board_lpcxpresso_54102\Debug\liblpc_board_lpcxpresso_54102.a(board.o)
                0x00007e7c                ExtClockIn
 .rodata.pinmuxing
                0x00007e80       0xac C:\Users\kbahar\Documents\LPCXpresso_7.8.0_426\workspace\lpc_board_lpcxpresso_54102\Debug\liblpc_board_lpcxpresso_54102.a(board_sysinit.o)
 .rodata.adcrom_api
                0x00007f2c       0x30 C:\Users\kbahar\Documents\LPCXpresso_7.8.0_426\workspace\lpc_chip_5410x\Debug\liblpc_chip_5410x.a(hw_adc.o)
                0x00007f2c                adcrom_api
 .rodata.i2cm_api
                0x00007f5c       0x1c C:\Users\kbahar\Documents\LPCXpresso_7.8.0_426\workspace\lpc_chip_5410x\Debug\liblpc_chip_5410x.a(hw_i2cmd_rom_api.o)
                0x00007f5c                i2cm_api
 .rodata.uartrom_api
                0x00007f78       0x30 C:\Users\kbahar\Documents\LPCXpresso_7.8.0_426\workspace\lpc_chip_5410x\Debug\liblpc_chip_5410x.a(hw_uart.o)
                0x00007f78                uartrom_api
 .rodata.str1.1
                0x00007fa8       0x34 c:/nxp/lpcxpresso_7.8.0_426/lpcxpresso/tools/bin/../lib/gcc/arm-none-eabi/4.9.3/../../../../arm-none-eabi/lib/armv7e-m/softfp\libcr_c.a(fpprintf.o)
                                 0x35 (size before relaxing)
 .rodata.str1.1
                0x00007fdc        0x4 c:/nxp/lpcxpresso_7.8.0_426/lpcxpresso/tools/bin/../lib/gcc/arm-none-eabi/4.9.3/../../../../arm-none-eabi/lib/armv7e-m/softfp\libcr_c.a(initio.o)
 .rodata.str1.1
                0x00007fe0       0x31 c:/nxp/lpcxpresso_7.8.0_426/lpcxpresso/tools/bin/../lib/gcc/arm-none-eabi/4.9.3/../../../../arm-none-eabi/lib/armv7e-m/softfp\libcr_c.a(printf.o)
                                 0x38 (size before relaxing)
 .rodata.str1.1
                0x00008011       0x18 c:/nxp/lpcxpresso_7.8.0_426/lpcxpresso/tools/bin/../lib/gcc/arm-none-eabi/4.9.3/../../../../arm-none-eabi/lib/armv7e-m/softfp\libcr_c.a(alloc.o)
 *fill*         0x00008029        0x7 
 .rodata.__huge_vall
                0x00008030        0x8 c:/nxp/lpcxpresso_7.8.0_426/lpcxpresso/tools/bin/../lib/gcc/arm-none-eabi/4.9.3/../../../../arm-none-eabi/lib/armv7e-m/softfp\libcr_c.a(_hugeval.o)
                0x00008030                __huge_vall
                0x00008038                . = ALIGN (0x4)

.glue_7         0x00008038        0x0
 .glue_7        0x00000000        0x0 linker stubs

.glue_7t        0x00008038        0x0
 .glue_7t       0x00000000        0x0 linker stubs

.vfp11_veneer   0x00008038        0x0
 .vfp11_veneer  0x00000000        0x0 linker stubs

.v4_bx          0x00008038        0x0
 .v4_bx         0x00000000        0x0 linker stubs

.iplt           0x00008038        0x0
 .iplt          0x00000000        0x0 ./example/src/blinky.o

.rel.dyn        0x00008038        0x0
 .rel.iplt      0x00000000        0x0 ./example/src/blinky.o

.ARM.extab
 *(.ARM.extab* .gnu.linkonce.armextab.*)
                0x00008038                __exidx_start = .

.ARM.exidx
 *(.ARM.exidx* .gnu.linkonce.armexidx.*)
                0x00008038                __exidx_end = .
                0x00008038                _etext = .

.data_RAM2      0x02010000        0x0 load address 0x00008038
 FILL mask 0xff
                0x02010000                PROVIDE (__start_data_RAM2, .)
 *(.ramfunc.$RAM2)
 *(.ramfunc.$Ram1_32)
 *(.data.$RAM2*)
 *(.data.$Ram1_32*)
                0x02010000                . = ALIGN (0x4)
                0x02010000                PROVIDE (__end_data_RAM2, .)

.data_RAM3      0x03400000        0x0 load address 0x00008038
 FILL mask 0xff
                0x03400000                PROVIDE (__start_data_RAM3, .)
 *(.ramfunc.$RAM3)
 *(.ramfunc.$Ram2_8)
 *(.data.$RAM3*)
 *(.data.$Ram2_8*)
                0x03400000                . = ALIGN (0x4)
                0x03400000                PROVIDE (__end_data_RAM3, .)

.uninit_RESERVED
                0x02000000        0x0
 *(.bss.$RESERVED*)
                0x02000000                . = ALIGN (0x4)
                0x02000000                _end_uninit_RESERVED = .

.data           0x02000000        0x0 load address 0x00008038
 FILL mask 0xff
                0x02000000                _data = .
 *(vtable)
 *(.ramfunc*)
 *(.data*)
                0x02000000                . = ALIGN (0x4)
                0x02000000                _edata = .

.igot.plt       0x02000000        0x0 load address 0x00008038
 .igot.plt      0x00000000        0x0 ./example/src/blinky.o

.bss_RAM2       0x02010000        0x0
                0x02010000                PROVIDE (__start_bss_RAM2, .)
 *(.bss.$RAM2*)
 *(.bss.$Ram1_32*)
                0x02010000                . = ALIGN (0x4)
                0x02010000                PROVIDE (__end_bss_RAM2, .)

.bss_RAM3       0x03400000        0x0
                0x03400000                PROVIDE (__start_bss_RAM3, .)
 *(.bss.$RAM3*)
 *(.bss.$Ram2_8*)
                0x03400000                . = ALIGN (0x4)
                0x03400000                PROVIDE (__end_bss_RAM3, .)

.bss            0x02000000      0x3b8
                0x02000000                _bss = .
 *(.bss*)
 .bss.i2cmHandle
                0x02000000        0x4 ./example/src/blinky.o
 .bss.drvData   0x02000004       0x40 ./example/src/blinky.o
 .bss.buff_A    0x02000044        0x8 ./example/src/blinky.o
 .bss.pBufA     0x0200004c        0x4 ./example/src/blinky.o
 .bss.start_of_ram_block0
                0x02000050       0xf0 ./example/src/blinky.o
 .bss.hADC      0x02000140        0x4 ./example/src/blinky.o
 .bss.LED_Counter
                0x02000144        0x4 ./example/src/blinky.o
                0x02000144                LED_Counter
 .bss.nextColor
                0x02000148        0x4 ./example/src/blinky.o
                0x02000148                nextColor
 .bss.Analog_ALS
                0x0200014c        0x4 ./example/src/blinky.o
                0x0200014c                Analog_ALS
 .bss.Analog_Temp
                0x02000150        0x4 ./example/src/blinky.o
                0x02000150                Analog_Temp
 .bss.Analog_UV
                0x02000154        0x4 ./example/src/blinky.o
                0x02000154                Analog_UV
 .bss.Analog_ALS_Ret
                0x02000158        0x4 ./example/src/blinky.o
                0x02000158                Analog_ALS_Ret
 .bss.Analog_Temp_Ret
                0x0200015c        0x4 ./example/src/blinky.o
                0x0200015c                Analog_Temp_Ret
 .bss.Analog_UV_Ret
                0x02000160        0x4 ./example/src/blinky.o
                0x02000160                Analog_UV_Ret
 .bss.Accel_raw_X
                0x02000164        0x2 ./example/src/blinky.o
                0x02000164                Accel_raw_X
 .bss.Accel_raw_Y
                0x02000166        0x2 ./example/src/blinky.o
                0x02000166                Accel_raw_Y
 .bss.Accel_raw_Z
                0x02000168        0x2 ./example/src/blinky.o
                0x02000168                Accel_raw_Z
 *fill*         0x0200016a        0x2 
 .bss.Accel_X   0x0200016c        0x4 ./example/src/blinky.o
                0x0200016c                Accel_X
 .bss.Accel_Y   0x02000170        0x4 ./example/src/blinky.o
                0x02000170                Accel_Y
 .bss.Accel_Z   0x02000174        0x4 ./example/src/blinky.o
                0x02000174                Accel_Z
 .bss.Mag_raw_X
                0x02000178        0x2 ./example/src/blinky.o
                0x02000178                Mag_raw_X
 .bss.Mag_raw_Y
                0x0200017a        0x2 ./example/src/blinky.o
                0x0200017a                Mag_raw_Y
 .bss.Mag_raw_Z
                0x0200017c        0x2 ./example/src/blinky.o
                0x0200017c                Mag_raw_Z
 *fill*         0x0200017e        0x2 
 .bss.Mag_X     0x02000180        0x4 ./example/src/blinky.o
                0x02000180                Mag_X
 .bss.Mag_Y     0x02000184        0x4 ./example/src/blinky.o
                0x02000184                Mag_Y
 .bss.Mag_Z     0x02000188        0x4 ./example/src/blinky.o
                0x02000188                Mag_Z
 .bss.RPR0521_PS
                0x0200018c        0x2 ./example/src/blinky.o
                0x0200018c                RPR0521_PS
 .bss.RPR0521_ALS0
                0x0200018e        0x2 ./example/src/blinky.o
                0x0200018e                RPR0521_ALS0
 .bss.RPR0521_ALS1
                0x02000190        0x2 ./example/src/blinky.o
                0x02000190                RPR0521_ALS1
 *fill*         0x02000192        0x2 
 .bss.RPR0521_ALS_DataRatio
                0x02000194        0x4 ./example/src/blinky.o
                0x02000194                RPR0521_ALS_DataRatio
 .bss.RPR0521_ALS_OUT
                0x02000198        0x4 ./example/src/blinky.o
                0x02000198                RPR0521_ALS_OUT
 .bss.Pressure_TempRaw
                0x0200019c        0x2 ./example/src/blinky.o
                0x0200019c                Pressure_TempRaw
 *fill*         0x0200019e        0x2 
 .bss.Pressure_TempOut
                0x020001a0        0x4 ./example/src/blinky.o
                0x020001a0                Pressure_TempOut
 .bss.Pressure_PresRaw_Inte
                0x020001a4        0x2 ./example/src/blinky.o
                0x020001a4                Pressure_PresRaw_Inte
 .bss.Pressure_PresRaw_Deci
                0x020001a6        0x2 ./example/src/blinky.o
                0x020001a6                Pressure_PresRaw_Deci
 .bss.Pressure_PresRaw_Deci_F
                0x020001a8        0x4 ./example/src/blinky.o
                0x020001a8                Pressure_PresRaw_Deci_F
 .bss.Pressure_PresOut
                0x020001ac        0x4 ./example/src/blinky.o
                0x020001ac                Pressure_PresOut
 .bss.BH1745_REDOUT
                0x020001b0        0x2 ./example/src/blinky.o
                0x020001b0                BH1745_REDOUT
 .bss.BH1745_GRNOUT
                0x020001b2        0x2 ./example/src/blinky.o
                0x020001b2                BH1745_GRNOUT
 .bss.BH1745_BLUOUT
                0x020001b4        0x2 ./example/src/blinky.o
                0x020001b4                BH1745_BLUOUT
 .bss.KX122_X_RAW
                0x020001b6        0x2 ./example/src/blinky.o
                0x020001b6                KX122_X_RAW
 .bss.KX122_Y_RAW
                0x020001b8        0x2 ./example/src/blinky.o
                0x020001b8                KX122_Y_RAW
 .bss.KX122_Z_RAW
                0x020001ba        0x2 ./example/src/blinky.o
                0x020001ba                KX122_Z_RAW
 .bss.KX122_X_OUT
                0x020001bc        0x4 ./example/src/blinky.o
                0x020001bc                KX122_X_OUT
 .bss.KX122_Y_OUT
                0x020001c0        0x4 ./example/src/blinky.o
                0x020001c0                KX122_Y_OUT
 .bss.KX122_Z_OUT
                0x020001c4        0x4 ./example/src/blinky.o
                0x020001c4                KX122_Z_OUT
 .bss.Hall0     0x020001c8        0x4 ./example/src/blinky.o
                0x020001c8                Hall0
 .bss.Hall1     0x020001cc        0x4 ./example/src/blinky.o
                0x020001cc                Hall1
 .bss.hUART     0x020001d0        0x4 C:\Users\kbahar\Documents\LPCXpresso_7.8.0_426\workspace\lpc_board_lpcxpresso_54102\Debug\liblpc_board_lpcxpresso_54102.a(board.o)
 .bss.drv_mem   0x020001d4       0x40 C:\Users\kbahar\Documents\LPCXpresso_7.8.0_426\workspace\lpc_board_lpcxpresso_54102\Debug\liblpc_board_lpcxpresso_54102.a(board.o)
 .bss.cval.8411
                0x02000214        0x4 C:\Users\kbahar\Documents\LPCXpresso_7.8.0_426\workspace\lpc_board_lpcxpresso_54102\Debug\liblpc_board_lpcxpresso_54102.a(board.o)
 .bss.curPllRate
                0x02000218        0x4 C:\Users\kbahar\Documents\LPCXpresso_7.8.0_426\workspace\lpc_chip_5410x\Debug\liblpc_chip_5410x.a(pll_5410x.o)
 .bss.errno     0x0200021c        0x4 c:/nxp/lpcxpresso_7.8.0_426/lpcxpresso/tools/bin/../lib/gcc/arm-none-eabi/4.9.3/../../../../arm-none-eabi/lib/armv7e-m/softfp\libcr_c.a(errno.o)
                0x0200021c                errno
 *(COMMON)
 COMMON         0x02000220       0x48 ./example/src/blinky.o
                0x02000220                mXfer
                0x02000238                i2cmInit
                0x02000240                ALS_Return
                0x02000244                devMem
                0x02000248                rx
                0x02000254                tx
                0x02000258                actualRate
                0x0200025c                ALS_Return_Conv
                0x02000260                msTicks
                0x02000264                memSize
 COMMON         0x02000268        0x4 C:\Users\kbahar\Documents\LPCXpresso_7.8.0_426\workspace\lpc_chip_5410x\Debug\liblpc_chip_5410x.a(chip_5410x.o)
                0x02000268                SystemCoreClock
 COMMON         0x0200026c        0x4 c:/nxp/lpcxpresso_7.8.0_426/lpcxpresso/tools/bin/../lib/gcc/arm-none-eabi/4.9.3/../../../../arm-none-eabi/lib/armv7e-m/softfp\libcr_c.a(initio.o)
                0x0200026c                _extra
 COMMON         0x02000270      0x140 c:/nxp/lpcxpresso_7.8.0_426/lpcxpresso/tools/bin/../lib/gcc/arm-none-eabi/4.9.3/../../../../arm-none-eabi/lib/armv7e-m/softfp\libcr_c.a(stdio.o)
                0x02000270                __Ciob
 COMMON         0x020003b0        0x8 c:/nxp/lpcxpresso_7.8.0_426/lpcxpresso/tools/bin/../lib/gcc/arm-none-eabi/4.9.3/../../../../arm-none-eabi/lib/armv7e-m/softfp\libcr_c.a(__init_alloc.o)
                0x020003b0                __heaps
                0x020003b4                __end_of_heap
                0x020003b8                . = ALIGN (0x4)
                0x020003b8                _ebss = .
                0x020003b8                PROVIDE (end, .)

.noinit_RAM2    0x02010000        0x0
 *(.noinit.$RAM2*)
 *(.noinit.$Ram1_32*)
                0x02010000                . = ALIGN (0x4)

.noinit_RAM3    0x03400000        0x0
 *(.noinit.$RAM3*)
 *(.noinit.$Ram2_8*)
                0x03400000                . = ALIGN (0x4)

.noinit         0x020003b8        0x0
                0x020003b8                _noinit = .
 *(.noinit*)
                0x020003b8                . = ALIGN (0x4)
                0x020003b8                _end_noinit = .
                0x020003b8                PROVIDE (_pvHeapStart, DEFINED (__user_heap_base)?__user_heap_base:.)
                0x02010000                PROVIDE (_vStackTop, DEFINED (__user_stack_top)?__user_stack_top:(__top_Ram0_64 - 0x0))
OUTPUT(periph_blinky.axf elf32-littlearm)

.debug_info     0x00000000     0xc968
 .debug_info    0x00000000     0x1d15 ./example/src/blinky.o
 .debug_info    0x00001d15      0x220 ./example/src/cr_startup_lpc5410x.o
 .debug_info    0x00001f35       0x3f ./example/src/crp.o
 .debug_info    0x00001f74      0x2aa ./example/src/sysinit.o
 .debug_info    0x0000221e      0xec7 C:\Users\kbahar\Documents\LPCXpresso_7.8.0_426\workspace\lpc_board_lpcxpresso_54102\Debug\liblpc_board_lpcxpresso_54102.a(board.o)
 .debug_info    0x000030e5      0x525 C:\Users\kbahar\Documents\LPCXpresso_7.8.0_426\workspace\lpc_board_lpcxpresso_54102\Debug\liblpc_board_lpcxpresso_54102.a(board_sysinit.o)
 .debug_info    0x0000360a       0xf3 C:\Users\kbahar\Documents\LPCXpresso_7.8.0_426\workspace\lpc_chip_5410x\Debug\liblpc_chip_5410x.a(chip_5410x.o)
 .debug_info    0x000036fd      0xcf5 C:\Users\kbahar\Documents\LPCXpresso_7.8.0_426\workspace\lpc_chip_5410x\Debug\liblpc_chip_5410x.a(clock_5410x.o)
 .debug_info    0x000043f2      0x128 C:\Users\kbahar\Documents\LPCXpresso_7.8.0_426\workspace\lpc_chip_5410x\Debug\liblpc_chip_5410x.a(fpu_init.o)
 .debug_info    0x0000451a      0x613 C:\Users\kbahar\Documents\LPCXpresso_7.8.0_426\workspace\lpc_chip_5410x\Debug\liblpc_chip_5410x.a(gpio_5410x.o)
 .debug_info    0x00004b2d      0x1f0 C:\Users\kbahar\Documents\LPCXpresso_7.8.0_426\workspace\lpc_chip_5410x\Debug\liblpc_chip_5410x.a(iocon_5410x.o)
 .debug_info    0x00004d1d      0xfa7 C:\Users\kbahar\Documents\LPCXpresso_7.8.0_426\workspace\lpc_chip_5410x\Debug\liblpc_chip_5410x.a(pll_5410x.o)
 .debug_info    0x00005cc4      0xbbe C:\Users\kbahar\Documents\LPCXpresso_7.8.0_426\workspace\lpc_chip_5410x\Debug\liblpc_chip_5410x.a(romapi_adc.o)
 .debug_info    0x00006882      0x94d C:\Users\kbahar\Documents\LPCXpresso_7.8.0_426\workspace\lpc_chip_5410x\Debug\liblpc_chip_5410x.a(romapi_i2cm.o)
 .debug_info    0x000071cf      0xb4d C:\Users\kbahar\Documents\LPCXpresso_7.8.0_426\workspace\lpc_chip_5410x\Debug\liblpc_chip_5410x.a(romapi_uart.o)
 .debug_info    0x00007d1c      0x89a C:\Users\kbahar\Documents\LPCXpresso_7.8.0_426\workspace\lpc_chip_5410x\Debug\liblpc_chip_5410x.a(syscon_5410x.o)
 .debug_info    0x000085b6      0xc18 C:\Users\kbahar\Documents\LPCXpresso_7.8.0_426\workspace\lpc_chip_5410x\Debug\liblpc_chip_5410x.a(sysinit_5410x.o)
 .debug_info    0x000091ce     0x12a0 C:\Users\kbahar\Documents\LPCXpresso_7.8.0_426\workspace\lpc_chip_5410x\Debug\liblpc_chip_5410x.a(hw_adc.o)
 .debug_info    0x0000a46e      0x7c4 C:\Users\kbahar\Documents\LPCXpresso_7.8.0_426\workspace\lpc_chip_5410x\Debug\liblpc_chip_5410x.a(hw_i2cmd_rom_api.o)
 .debug_info    0x0000ac32     0x11f0 C:\Users\kbahar\Documents\LPCXpresso_7.8.0_426\workspace\lpc_chip_5410x\Debug\liblpc_chip_5410x.a(hw_uart.o)
 .debug_info    0x0000be22      0xb46 C:\Users\kbahar\Documents\LPCXpresso_7.8.0_426\workspace\lpc_chip_5410x\Debug\liblpc_chip_5410x.a(hw_i2cmd.o)

.debug_abbrev   0x00000000     0x1f8a
 .debug_abbrev  0x00000000      0x2d4 ./example/src/blinky.o
 .debug_abbrev  0x000002d4       0xfc ./example/src/cr_startup_lpc5410x.o
 .debug_abbrev  0x000003d0       0x36 ./example/src/crp.o
 .debug_abbrev  0x00000406       0xe3 ./example/src/sysinit.o
 .debug_abbrev  0x000004e9      0x211 C:\Users\kbahar\Documents\LPCXpresso_7.8.0_426\workspace\lpc_board_lpcxpresso_54102\Debug\liblpc_board_lpcxpresso_54102.a(board.o)
 .debug_abbrev  0x000006fa      0x1aa C:\Users\kbahar\Documents\LPCXpresso_7.8.0_426\workspace\lpc_board_lpcxpresso_54102\Debug\liblpc_board_lpcxpresso_54102.a(board_sysinit.o)
 .debug_abbrev  0x000008a4       0xa9 C:\Users\kbahar\Documents\LPCXpresso_7.8.0_426\workspace\lpc_chip_5410x\Debug\liblpc_chip_5410x.a(chip_5410x.o)
 .debug_abbrev  0x0000094d      0x269 C:\Users\kbahar\Documents\LPCXpresso_7.8.0_426\workspace\lpc_chip_5410x\Debug\liblpc_chip_5410x.a(clock_5410x.o)
 .debug_abbrev  0x00000bb6       0x84 C:\Users\kbahar\Documents\LPCXpresso_7.8.0_426\workspace\lpc_chip_5410x\Debug\liblpc_chip_5410x.a(fpu_init.o)
 .debug_abbrev  0x00000c3a      0x14e C:\Users\kbahar\Documents\LPCXpresso_7.8.0_426\workspace\lpc_chip_5410x\Debug\liblpc_chip_5410x.a(gpio_5410x.o)
 .debug_abbrev  0x00000d88      0x137 C:\Users\kbahar\Documents\LPCXpresso_7.8.0_426\workspace\lpc_chip_5410x\Debug\liblpc_chip_5410x.a(iocon_5410x.o)
 .debug_abbrev  0x00000ebf      0x23a C:\Users\kbahar\Documents\LPCXpresso_7.8.0_426\workspace\lpc_chip_5410x\Debug\liblpc_chip_5410x.a(pll_5410x.o)
 .debug_abbrev  0x000010f9      0x13c C:\Users\kbahar\Documents\LPCXpresso_7.8.0_426\workspace\lpc_chip_5410x\Debug\liblpc_chip_5410x.a(romapi_adc.o)
 .debug_abbrev  0x00001235      0x150 C:\Users\kbahar\Documents\LPCXpresso_7.8.0_426\workspace\lpc_chip_5410x\Debug\liblpc_chip_5410x.a(romapi_i2cm.o)
 .debug_abbrev  0x00001385      0x13f C:\Users\kbahar\Documents\LPCXpresso_7.8.0_426\workspace\lpc_chip_5410x\Debug\liblpc_chip_5410x.a(romapi_uart.o)
 .debug_abbrev  0x000014c4      0x173 C:\Users\kbahar\Documents\LPCXpresso_7.8.0_426\workspace\lpc_chip_5410x\Debug\liblpc_chip_5410x.a(syscon_5410x.o)
 .debug_abbrev  0x00001637      0x1df C:\Users\kbahar\Documents\LPCXpresso_7.8.0_426\workspace\lpc_chip_5410x\Debug\liblpc_chip_5410x.a(sysinit_5410x.o)
 .debug_abbrev  0x00001816      0x279 C:\Users\kbahar\Documents\LPCXpresso_7.8.0_426\workspace\lpc_chip_5410x\Debug\liblpc_chip_5410x.a(hw_adc.o)
 .debug_abbrev  0x00001a8f       0xcd C:\Users\kbahar\Documents\LPCXpresso_7.8.0_426\workspace\lpc_chip_5410x\Debug\liblpc_chip_5410x.a(hw_i2cmd_rom_api.o)
 .debug_abbrev  0x00001b5c      0x266 C:\Users\kbahar\Documents\LPCXpresso_7.8.0_426\workspace\lpc_chip_5410x\Debug\liblpc_chip_5410x.a(hw_uart.o)
 .debug_abbrev  0x00001dc2      0x1c8 C:\Users\kbahar\Documents\LPCXpresso_7.8.0_426\workspace\lpc_chip_5410x\Debug\liblpc_chip_5410x.a(hw_i2cmd.o)

.debug_aranges  0x00000000      0x920
 .debug_aranges
                0x00000000       0xe8 ./example/src/blinky.o
 .debug_aranges
                0x000000e8       0x60 ./example/src/cr_startup_lpc5410x.o
 .debug_aranges
                0x00000148       0x18 ./example/src/crp.o
 .debug_aranges
                0x00000160       0x20 ./example/src/sysinit.o
 .debug_aranges
                0x00000180       0xa8 C:\Users\kbahar\Documents\LPCXpresso_7.8.0_426\workspace\lpc_board_lpcxpresso_54102\Debug\liblpc_board_lpcxpresso_54102.a(board.o)
 .debug_aranges
                0x00000228       0x58 C:\Users\kbahar\Documents\LPCXpresso_7.8.0_426\workspace\lpc_board_lpcxpresso_54102\Debug\liblpc_board_lpcxpresso_54102.a(board_sysinit.o)
 .debug_aranges
                0x00000280       0x20 C:\Users\kbahar\Documents\LPCXpresso_7.8.0_426\workspace\lpc_chip_5410x\Debug\liblpc_chip_5410x.a(chip_5410x.o)
 .debug_aranges
                0x000002a0       0xf0 C:\Users\kbahar\Documents\LPCXpresso_7.8.0_426\workspace\lpc_chip_5410x\Debug\liblpc_chip_5410x.a(clock_5410x.o)
 .debug_aranges
                0x00000390       0x20 C:\Users\kbahar\Documents\LPCXpresso_7.8.0_426\workspace\lpc_chip_5410x\Debug\liblpc_chip_5410x.a(fpu_init.o)
 .debug_aranges
                0x000003b0       0x68 C:\Users\kbahar\Documents\LPCXpresso_7.8.0_426\workspace\lpc_chip_5410x\Debug\liblpc_chip_5410x.a(gpio_5410x.o)
 .debug_aranges
                0x00000418       0x28 C:\Users\kbahar\Documents\LPCXpresso_7.8.0_426\workspace\lpc_chip_5410x\Debug\liblpc_chip_5410x.a(iocon_5410x.o)
 .debug_aranges
                0x00000440       0xe8 C:\Users\kbahar\Documents\LPCXpresso_7.8.0_426\workspace\lpc_chip_5410x\Debug\liblpc_chip_5410x.a(pll_5410x.o)
 .debug_aranges
                0x00000528       0x78 C:\Users\kbahar\Documents\LPCXpresso_7.8.0_426\workspace\lpc_chip_5410x\Debug\liblpc_chip_5410x.a(romapi_adc.o)
 .debug_aranges
                0x000005a0       0x50 C:\Users\kbahar\Documents\LPCXpresso_7.8.0_426\workspace\lpc_chip_5410x\Debug\liblpc_chip_5410x.a(romapi_i2cm.o)
 .debug_aranges
                0x000005f0       0x78 C:\Users\kbahar\Documents\LPCXpresso_7.8.0_426\workspace\lpc_chip_5410x\Debug\liblpc_chip_5410x.a(romapi_uart.o)
 .debug_aranges
                0x00000668       0x58 C:\Users\kbahar\Documents\LPCXpresso_7.8.0_426\workspace\lpc_chip_5410x\Debug\liblpc_chip_5410x.a(syscon_5410x.o)
 .debug_aranges
                0x000006c0       0x68 C:\Users\kbahar\Documents\LPCXpresso_7.8.0_426\workspace\lpc_chip_5410x\Debug\liblpc_chip_5410x.a(sysinit_5410x.o)
 .debug_aranges
                0x00000728       0xb8 C:\Users\kbahar\Documents\LPCXpresso_7.8.0_426\workspace\lpc_chip_5410x\Debug\liblpc_chip_5410x.a(hw_adc.o)
 .debug_aranges
                0x000007e0       0x18 C:\Users\kbahar\Documents\LPCXpresso_7.8.0_426\workspace\lpc_chip_5410x\Debug\liblpc_chip_5410x.a(hw_i2cmd_rom_api.o)
 .debug_aranges
                0x000007f8       0xc8 C:\Users\kbahar\Documents\LPCXpresso_7.8.0_426\workspace\lpc_chip_5410x\Debug\liblpc_chip_5410x.a(hw_uart.o)
 .debug_aranges
                0x000008c0       0x60 C:\Users\kbahar\Documents\LPCXpresso_7.8.0_426\workspace\lpc_chip_5410x\Debug\liblpc_chip_5410x.a(hw_i2cmd.o)

.debug_ranges   0x00000000      0x7c0
 .debug_ranges  0x00000000       0xd8 ./example/src/blinky.o
 .debug_ranges  0x000000d8       0x50 ./example/src/cr_startup_lpc5410x.o
 .debug_ranges  0x00000128       0x10 ./example/src/sysinit.o
 .debug_ranges  0x00000138       0x98 C:\Users\kbahar\Documents\LPCXpresso_7.8.0_426\workspace\lpc_board_lpcxpresso_54102\Debug\liblpc_board_lpcxpresso_54102.a(board.o)
 .debug_ranges  0x000001d0       0x48 C:\Users\kbahar\Documents\LPCXpresso_7.8.0_426\workspace\lpc_board_lpcxpresso_54102\Debug\liblpc_board_lpcxpresso_54102.a(board_sysinit.o)
 .debug_ranges  0x00000218       0x10 C:\Users\kbahar\Documents\LPCXpresso_7.8.0_426\workspace\lpc_chip_5410x\Debug\liblpc_chip_5410x.a(chip_5410x.o)
 .debug_ranges  0x00000228       0xe0 C:\Users\kbahar\Documents\LPCXpresso_7.8.0_426\workspace\lpc_chip_5410x\Debug\liblpc_chip_5410x.a(clock_5410x.o)
 .debug_ranges  0x00000308       0x10 C:\Users\kbahar\Documents\LPCXpresso_7.8.0_426\workspace\lpc_chip_5410x\Debug\liblpc_chip_5410x.a(fpu_init.o)
 .debug_ranges  0x00000318       0x58 C:\Users\kbahar\Documents\LPCXpresso_7.8.0_426\workspace\lpc_chip_5410x\Debug\liblpc_chip_5410x.a(gpio_5410x.o)
 .debug_ranges  0x00000370       0x18 C:\Users\kbahar\Documents\LPCXpresso_7.8.0_426\workspace\lpc_chip_5410x\Debug\liblpc_chip_5410x.a(iocon_5410x.o)
 .debug_ranges  0x00000388       0xd8 C:\Users\kbahar\Documents\LPCXpresso_7.8.0_426\workspace\lpc_chip_5410x\Debug\liblpc_chip_5410x.a(pll_5410x.o)
 .debug_ranges  0x00000460       0x68 C:\Users\kbahar\Documents\LPCXpresso_7.8.0_426\workspace\lpc_chip_5410x\Debug\liblpc_chip_5410x.a(romapi_adc.o)
 .debug_ranges  0x000004c8       0x40 C:\Users\kbahar\Documents\LPCXpresso_7.8.0_426\workspace\lpc_chip_5410x\Debug\liblpc_chip_5410x.a(romapi_i2cm.o)
 .debug_ranges  0x00000508       0x68 C:\Users\kbahar\Documents\LPCXpresso_7.8.0_426\workspace\lpc_chip_5410x\Debug\liblpc_chip_5410x.a(romapi_uart.o)
 .debug_ranges  0x00000570       0x48 C:\Users\kbahar\Documents\LPCXpresso_7.8.0_426\workspace\lpc_chip_5410x\Debug\liblpc_chip_5410x.a(syscon_5410x.o)
 .debug_ranges  0x000005b8       0x58 C:\Users\kbahar\Documents\LPCXpresso_7.8.0_426\workspace\lpc_chip_5410x\Debug\liblpc_chip_5410x.a(sysinit_5410x.o)
 .debug_ranges  0x00000610       0xa8 C:\Users\kbahar\Documents\LPCXpresso_7.8.0_426\workspace\lpc_chip_5410x\Debug\liblpc_chip_5410x.a(hw_adc.o)
 .debug_ranges  0x000006b8       0xb8 C:\Users\kbahar\Documents\LPCXpresso_7.8.0_426\workspace\lpc_chip_5410x\Debug\liblpc_chip_5410x.a(hw_uart.o)
 .debug_ranges  0x00000770       0x50 C:\Users\kbahar\Documents\LPCXpresso_7.8.0_426\workspace\lpc_chip_5410x\Debug\liblpc_chip_5410x.a(hw_i2cmd.o)

.debug_macro    0x00000000     0x6d57
 .debug_macro   0x00000000      0x3b6 ./example/src/blinky.o
 .debug_macro   0x000003b6      0x88c ./example/src/blinky.o
 .debug_macro   0x00000c42       0x10 ./example/src/blinky.o
 .debug_macro   0x00000c52      0x12d ./example/src/blinky.o
 .debug_macro   0x00000d7f      0x5b2 ./example/src/blinky.o
 .debug_macro   0x00001331       0x22 ./example/src/blinky.o
 .debug_macro   0x00001353       0x7b ./example/src/blinky.o
 .debug_macro   0x000013ce       0x10 ./example/src/blinky.o
 .debug_macro   0x000013de       0x2d ./example/src/blinky.o
 .debug_macro   0x0000140b       0x3b ./example/src/blinky.o
 .debug_macro   0x00001446       0x2d ./example/src/blinky.o
 .debug_macro   0x00001473       0x42 ./example/src/blinky.o
 .debug_macro   0x000014b5      0xd39 ./example/src/blinky.o
 .debug_macro   0x000021ee      0x1d1 ./example/src/blinky.o
 .debug_macro   0x000023bf       0xca ./example/src/blinky.o
 .debug_macro   0x00002489       0x18 ./example/src/blinky.o
 .debug_macro   0x000024a1       0x1c ./example/src/blinky.o
 .debug_macro   0x000024bd      0x21d ./example/src/blinky.o
 .debug_macro   0x000026da      0x168 ./example/src/blinky.o
 .debug_macro   0x00002842      0x136 ./example/src/blinky.o
 .debug_macro   0x00002978       0x10 ./example/src/blinky.o
 .debug_macro   0x00002988      0x222 ./example/src/blinky.o
 .debug_macro   0x00002baa       0x22 ./example/src/blinky.o
 .debug_macro   0x00002bcc       0x28 ./example/src/blinky.o
 .debug_macro   0x00002bf4       0x1c ./example/src/blinky.o
 .debug_macro   0x00002c10      0x202 ./example/src/blinky.o
 .debug_macro   0x00002e12       0x3a ./example/src/blinky.o
 .debug_macro   0x00002e4c       0x34 ./example/src/blinky.o
 .debug_macro   0x00002e80       0xdc ./example/src/blinky.o
 .debug_macro   0x00002f5c      0x19a ./example/src/blinky.o
 .debug_macro   0x000030f6       0x4c ./example/src/blinky.o
 .debug_macro   0x00003142       0xff ./example/src/blinky.o
 .debug_macro   0x00003241       0x2d ./example/src/blinky.o
 .debug_macro   0x0000326e       0x16 ./example/src/blinky.o
 .debug_macro   0x00003284       0x32 ./example/src/blinky.o
 .debug_macro   0x000032b6       0xb8 ./example/src/blinky.o
 .debug_macro   0x0000336e       0x70 ./example/src/blinky.o
 .debug_macro   0x000033de       0x6a ./example/src/blinky.o
 .debug_macro   0x00003448       0xc5 ./example/src/blinky.o
 .debug_macro   0x0000350d       0x76 ./example/src/blinky.o
 .debug_macro   0x00003583       0x34 ./example/src/blinky.o
 .debug_macro   0x000035b7      0x205 ./example/src/blinky.o
 .debug_macro   0x000037bc       0x40 ./example/src/blinky.o
 .debug_macro   0x000037fc       0x6a ./example/src/blinky.o
 .debug_macro   0x00003866       0x22 ./example/src/blinky.o
 .debug_macro   0x00003888       0x28 ./example/src/blinky.o
 .debug_macro   0x000038b0       0x1c ./example/src/blinky.o
 .debug_macro   0x000038cc       0x10 ./example/src/blinky.o
 .debug_macro   0x000038dc       0x1f ./example/src/blinky.o
 .debug_macro   0x000038fb       0x34 ./example/src/blinky.o
 .debug_macro   0x0000392f       0x9a ./example/src/blinky.o
 .debug_macro   0x000039c9       0x20 ./example/src/blinky.o
 .debug_macro   0x000039e9       0x22 ./example/src/blinky.o
 .debug_macro   0x00003a0b       0x1d ./example/src/cr_startup_lpc5410x.o
 .debug_macro   0x00003a28       0x1a ./example/src/crp.o
 .debug_macro   0x00003a42       0x34 ./example/src/crp.o
 .debug_macro   0x00003a76      0x339 ./example/src/sysinit.o
 .debug_macro   0x00003daf      0x348 C:\Users\kbahar\Documents\LPCXpresso_7.8.0_426\workspace\lpc_board_lpcxpresso_54102\Debug\liblpc_board_lpcxpresso_54102.a(board.o)
 .debug_macro   0x000040f7      0x886 C:\Users\kbahar\Documents\LPCXpresso_7.8.0_426\workspace\lpc_board_lpcxpresso_54102\Debug\liblpc_board_lpcxpresso_54102.a(board.o)
 .debug_macro   0x0000497d       0x12 C:\Users\kbahar\Documents\LPCXpresso_7.8.0_426\workspace\lpc_board_lpcxpresso_54102\Debug\liblpc_board_lpcxpresso_54102.a(board.o)
 .debug_macro   0x0000498f      0x347 C:\Users\kbahar\Documents\LPCXpresso_7.8.0_426\workspace\lpc_board_lpcxpresso_54102\Debug\liblpc_board_lpcxpresso_54102.a(board_sysinit.o)
 .debug_macro   0x00004cd6      0x304 C:\Users\kbahar\Documents\LPCXpresso_7.8.0_426\workspace\lpc_chip_5410x\Debug\liblpc_chip_5410x.a(chip_5410x.o)
 .debug_macro   0x00004fda      0x304 C:\Users\kbahar\Documents\LPCXpresso_7.8.0_426\workspace\lpc_chip_5410x\Debug\liblpc_chip_5410x.a(clock_5410x.o)
 .debug_macro   0x000052de       0xbf C:\Users\kbahar\Documents\LPCXpresso_7.8.0_426\workspace\lpc_chip_5410x\Debug\liblpc_chip_5410x.a(fpu_init.o)
 .debug_macro   0x0000539d      0x304 C:\Users\kbahar\Documents\LPCXpresso_7.8.0_426\workspace\lpc_chip_5410x\Debug\liblpc_chip_5410x.a(gpio_5410x.o)
 .debug_macro   0x000056a1      0x304 C:\Users\kbahar\Documents\LPCXpresso_7.8.0_426\workspace\lpc_chip_5410x\Debug\liblpc_chip_5410x.a(iocon_5410x.o)
 .debug_macro   0x000059a5      0x564 C:\Users\kbahar\Documents\LPCXpresso_7.8.0_426\workspace\lpc_chip_5410x\Debug\liblpc_chip_5410x.a(pll_5410x.o)
 .debug_macro   0x00005f09      0x204 C:\Users\kbahar\Documents\LPCXpresso_7.8.0_426\workspace\lpc_chip_5410x\Debug\liblpc_chip_5410x.a(romapi_adc.o)
 .debug_macro   0x0000610d      0x204 C:\Users\kbahar\Documents\LPCXpresso_7.8.0_426\workspace\lpc_chip_5410x\Debug\liblpc_chip_5410x.a(romapi_i2cm.o)
 .debug_macro   0x00006311      0x204 C:\Users\kbahar\Documents\LPCXpresso_7.8.0_426\workspace\lpc_chip_5410x\Debug\liblpc_chip_5410x.a(romapi_uart.o)
 .debug_macro   0x00006515      0x304 C:\Users\kbahar\Documents\LPCXpresso_7.8.0_426\workspace\lpc_chip_5410x\Debug\liblpc_chip_5410x.a(syscon_5410x.o)
 .debug_macro   0x00006819      0x304 C:\Users\kbahar\Documents\LPCXpresso_7.8.0_426\workspace\lpc_chip_5410x\Debug\liblpc_chip_5410x.a(sysinit_5410x.o)
 .debug_macro   0x00006b1d       0xb0 C:\Users\kbahar\Documents\LPCXpresso_7.8.0_426\workspace\lpc_chip_5410x\Debug\liblpc_chip_5410x.a(hw_adc.o)
 .debug_macro   0x00006bcd       0x70 C:\Users\kbahar\Documents\LPCXpresso_7.8.0_426\workspace\lpc_chip_5410x\Debug\liblpc_chip_5410x.a(hw_i2cmd_rom_api.o)
 .debug_macro   0x00006c3d       0x84 C:\Users\kbahar\Documents\LPCXpresso_7.8.0_426\workspace\lpc_chip_5410x\Debug\liblpc_chip_5410x.a(hw_uart.o)
 .debug_macro   0x00006cc1       0x96 C:\Users\kbahar\Documents\LPCXpresso_7.8.0_426\workspace\lpc_chip_5410x\Debug\liblpc_chip_5410x.a(hw_i2cmd.o)

.debug_line     0x00000000     0x6de3
 .debug_line    0x00000000      0xa3a ./example/src/blinky.o
 .debug_line    0x00000a3a       0xd7 ./example/src/cr_startup_lpc5410x.o
 .debug_line    0x00000b11       0x80 ./example/src/crp.o
 .debug_line    0x00000b91      0x629 ./example/src/sysinit.o
 .debug_line    0x000011ba      0x7ca C:\Users\kbahar\Documents\LPCXpresso_7.8.0_426\workspace\lpc_board_lpcxpresso_54102\Debug\liblpc_board_lpcxpresso_54102.a(board.o)
 .debug_line    0x00001984      0x6ba C:\Users\kbahar\Documents\LPCXpresso_7.8.0_426\workspace\lpc_board_lpcxpresso_54102\Debug\liblpc_board_lpcxpresso_54102.a(board_sysinit.o)
 .debug_line    0x0000203e      0x5a3 C:\Users\kbahar\Documents\LPCXpresso_7.8.0_426\workspace\lpc_chip_5410x\Debug\liblpc_chip_5410x.a(chip_5410x.o)
 .debug_line    0x000025e1      0x803 C:\Users\kbahar\Documents\LPCXpresso_7.8.0_426\workspace\lpc_chip_5410x\Debug\liblpc_chip_5410x.a(clock_5410x.o)
 .debug_line    0x00002de4      0x1ff C:\Users\kbahar\Documents\LPCXpresso_7.8.0_426\workspace\lpc_chip_5410x\Debug\liblpc_chip_5410x.a(fpu_init.o)
 .debug_line    0x00002fe3      0x660 C:\Users\kbahar\Documents\LPCXpresso_7.8.0_426\workspace\lpc_chip_5410x\Debug\liblpc_chip_5410x.a(gpio_5410x.o)
 .debug_line    0x00003643      0x5ca C:\Users\kbahar\Documents\LPCXpresso_7.8.0_426\workspace\lpc_chip_5410x\Debug\liblpc_chip_5410x.a(iocon_5410x.o)
 .debug_line    0x00003c0d      0x97f C:\Users\kbahar\Documents\LPCXpresso_7.8.0_426\workspace\lpc_chip_5410x\Debug\liblpc_chip_5410x.a(pll_5410x.o)
 .debug_line    0x0000458c      0x4d6 C:\Users\kbahar\Documents\LPCXpresso_7.8.0_426\workspace\lpc_chip_5410x\Debug\liblpc_chip_5410x.a(romapi_adc.o)
 .debug_line    0x00004a62      0x47d C:\Users\kbahar\Documents\LPCXpresso_7.8.0_426\workspace\lpc_chip_5410x\Debug\liblpc_chip_5410x.a(romapi_i2cm.o)
 .debug_line    0x00004edf      0x4d7 C:\Users\kbahar\Documents\LPCXpresso_7.8.0_426\workspace\lpc_chip_5410x\Debug\liblpc_chip_5410x.a(romapi_uart.o)
 .debug_line    0x000053b6      0x65b C:\Users\kbahar\Documents\LPCXpresso_7.8.0_426\workspace\lpc_chip_5410x\Debug\liblpc_chip_5410x.a(syscon_5410x.o)
 .debug_line    0x00005a11      0x67f C:\Users\kbahar\Documents\LPCXpresso_7.8.0_426\workspace\lpc_chip_5410x\Debug\liblpc_chip_5410x.a(sysinit_5410x.o)
 .debug_line    0x00006090      0x3fd C:\Users\kbahar\Documents\LPCXpresso_7.8.0_426\workspace\lpc_chip_5410x\Debug\liblpc_chip_5410x.a(hw_adc.o)
 .debug_line    0x0000648d      0x193 C:\Users\kbahar\Documents\LPCXpresso_7.8.0_426\workspace\lpc_chip_5410x\Debug\liblpc_chip_5410x.a(hw_i2cmd_rom_api.o)
 .debug_line    0x00006620      0x4e5 C:\Users\kbahar\Documents\LPCXpresso_7.8.0_426\workspace\lpc_chip_5410x\Debug\liblpc_chip_5410x.a(hw_uart.o)
 .debug_line    0x00006b05      0x2de C:\Users\kbahar\Documents\LPCXpresso_7.8.0_426\workspace\lpc_chip_5410x\Debug\liblpc_chip_5410x.a(hw_i2cmd.o)

.debug_str      0x00000000    0x15f13
 .debug_str     0x00000000    0x12bd1 ./example/src/blinky.o
                              0x12d07 (size before relaxing)
 .debug_str     0x00012bd1      0x187 ./example/src/cr_startup_lpc5410x.o
                               0x26b6 (size before relaxing)
 .debug_str     0x00012d58       0xf1 ./example/src/crp.o
                               0x2601 (size before relaxing)
 .debug_str     0x00012e49       0x19 ./example/src/sysinit.o
                              0x109e5 (size before relaxing)
 .debug_str     0x00012e62      0x42e C:\Users\kbahar\Documents\LPCXpresso_7.8.0_426\workspace\lpc_board_lpcxpresso_54102\Debug\liblpc_board_lpcxpresso_54102.a(board.o)
                              0x11f3c (size before relaxing)
 .debug_str     0x00013290      0x161 C:\Users\kbahar\Documents\LPCXpresso_7.8.0_426\workspace\lpc_board_lpcxpresso_54102\Debug\liblpc_board_lpcxpresso_54102.a(board_sysinit.o)
                              0x10e14 (size before relaxing)
 .debug_str     0x000133f1       0x88 C:\Users\kbahar\Documents\LPCXpresso_7.8.0_426\workspace\lpc_chip_5410x\Debug\liblpc_chip_5410x.a(chip_5410x.o)
                              0x10606 (size before relaxing)
 .debug_str     0x00013479      0x5fa C:\Users\kbahar\Documents\LPCXpresso_7.8.0_426\workspace\lpc_chip_5410x\Debug\liblpc_chip_5410x.a(clock_5410x.o)
                              0x112ef (size before relaxing)
 .debug_str     0x00013a73       0xb5 C:\Users\kbahar\Documents\LPCXpresso_7.8.0_426\workspace\lpc_chip_5410x\Debug\liblpc_chip_5410x.a(fpu_init.o)
                               0x9907 (size before relaxing)
 .debug_str     0x00013b28       0xe0 C:\Users\kbahar\Documents\LPCXpresso_7.8.0_426\workspace\lpc_chip_5410x\Debug\liblpc_chip_5410x.a(gpio_5410x.o)
                              0x10b42 (size before relaxing)
 .debug_str     0x00013c08       0x42 C:\Users\kbahar\Documents\LPCXpresso_7.8.0_426\workspace\lpc_chip_5410x\Debug\liblpc_chip_5410x.a(iocon_5410x.o)
                              0x1063d (size before relaxing)
 .debug_str     0x00013c4a     0x1457 C:\Users\kbahar\Documents\LPCXpresso_7.8.0_426\workspace\lpc_chip_5410x\Debug\liblpc_chip_5410x.a(pll_5410x.o)
                              0x11d83 (size before relaxing)
 .debug_str     0x000150a1      0x1a9 C:\Users\kbahar\Documents\LPCXpresso_7.8.0_426\workspace\lpc_chip_5410x\Debug\liblpc_chip_5410x.a(romapi_adc.o)
                               0xe9eb (size before relaxing)
 .debug_str     0x0001524a      0x14a C:\Users\kbahar\Documents\LPCXpresso_7.8.0_426\workspace\lpc_chip_5410x\Debug\liblpc_chip_5410x.a(romapi_i2cm.o)
                               0xe82b (size before relaxing)
 .debug_str     0x00015394      0x122 C:\Users\kbahar\Documents\LPCXpresso_7.8.0_426\workspace\lpc_chip_5410x\Debug\liblpc_chip_5410x.a(romapi_uart.o)
                               0xe8e4 (size before relaxing)
 .debug_str     0x000154b6      0x161 C:\Users\kbahar\Documents\LPCXpresso_7.8.0_426\workspace\lpc_chip_5410x\Debug\liblpc_chip_5410x.a(syscon_5410x.o)
                              0x10c24 (size before relaxing)
 .debug_str     0x00015617      0x1be C:\Users\kbahar\Documents\LPCXpresso_7.8.0_426\workspace\lpc_chip_5410x\Debug\liblpc_chip_5410x.a(sysinit_5410x.o)
                              0x1116a (size before relaxing)
 .debug_str     0x000157d5      0x357 C:\Users\kbahar\Documents\LPCXpresso_7.8.0_426\workspace\lpc_chip_5410x\Debug\liblpc_chip_5410x.a(hw_adc.o)
                               0x62c6 (size before relaxing)
 .debug_str     0x00015b2c       0x1a C:\Users\kbahar\Documents\LPCXpresso_7.8.0_426\workspace\lpc_chip_5410x\Debug\liblpc_chip_5410x.a(hw_i2cmd_rom_api.o)
                               0x57e7 (size before relaxing)